ARM Linker, 4.1 [Build 481] [Standard]

==============================================================================

Section Cross References

    main.o(.text) refers to delay.o(.text) for delay_init
    main.o(.text) refers to usart.o(.text) for uart_init
    main.o(.text) refers to lcd.o(.text) for LCD_Init
    main.o(.text) refers to key.o(.text) for KEY_Init
    main.o(.text) refers to flash.o(.text) for SPI_Flash_Init
    main.o(.text) refers to 24l01.o(.text) for NRF24L01_Init
    main.o(.text) refers to fontupd.o(.text) for font_init
    main.o(.text) refers to ds18b20.o(.text) for DS18B20_Init
    main.o(.text) refers to main.o(.constdata) for .constdata
    main.o(.text) refers to lcd.o(.data) for POINT_COLOR
    led.o(.text) refers to stm32f10x_rcc.o(.text) for RCC_APB2PeriphClockCmd
    led.o(.text) refers to stm32f10x_gpio.o(.text) for GPIO_Init
    lcd.o(.text) refers to delay.o(.text) for delay_us
    lcd.o(.text) refers to lcd.o(i.LCD_SetCursor) for LCD_SetCursor
    lcd.o(.text) refers to stm32f10x_rcc.o(.text) for RCC_APB2PeriphClockCmd
    lcd.o(.text) refers to stm32f10x_gpio.o(.text) for GPIO_PinRemapConfig
    lcd.o(.text) refers to printf5.o(i.__0printf$5) for __2printf
    lcd.o(.text) refers to lcd.o(.data) for DeviceCode
    lcd.o(.text) refers to lcd.o(.constdata) for asc2_1206
    key.o(.text) refers to stm32f10x_rcc.o(.text) for RCC_APB2PeriphClockCmd
    key.o(.text) refers to stm32f10x_gpio.o(.text) for GPIO_Init
    key.o(.text) refers to delay.o(.text) for delay_ms
    key.o(.text) refers to key.o(.data) for key_up
    flash.o(.text) refers to stm32f10x_gpio.o(.text) for GPIO_Init
    flash.o(.text) refers to spi.o(.text) for SPIx_Init
    flash.o(.text) refers to delay.o(.text) for delay_us
    flash.o(.text) refers to flash.o(.bss) for SPI_FLASH_BUF
    spi.o(.text) refers to stm32f10x_spi.o(.text) for SPI_I2S_GetFlagStatus
    spi.o(.text) refers to stm32f10x_rcc.o(.text) for RCC_APB2PeriphClockCmd
    spi.o(.text) refers to stm32f10x_gpio.o(.text) for GPIO_Init
    spi.o(.text) refers to spi.o(.bss) for SPI_InitStructure
    24l01.o(.text) refers to stm32f10x_rcc.o(.text) for RCC_APB2PeriphClockCmd
    24l01.o(.text) refers to stm32f10x_gpio.o(.text) for GPIO_Init
    24l01.o(.text) refers to spi.o(.text) for SPIx_Init
    24l01.o(.text) refers to 24l01.o(.constdata) for TX_ADDRESS
    mmc_sd.o(.text) refers to spi.o(.text) for SPIx_ReadWriteByte
    mmc_sd.o(.text) refers to stm32f10x_rcc.o(.text) for RCC_APB2PeriphClockCmd
    mmc_sd.o(.text) refers to stm32f10x_gpio.o(.text) for GPIO_Init
    mmc_sd.o(.text) refers to mmc_sd.o(.data) for SD_Type
    24cxx.o(.text) refers to myiic.o(.text) for IIC_Init
    24cxx.o(.text) refers to delay.o(.text) for delay_ms
    myiic.o(.text) refers to stm32f10x_rcc.o(.text) for RCC_APB2PeriphClockCmd
    myiic.o(.text) refers to stm32f10x_gpio.o(.text) for GPIO_Init
    myiic.o(.text) refers to delay.o(.text) for delay_us
    ds18b20.o(.text) refers to delay.o(.text) for delay_us
    ds18b20.o(.text) refers to fflti.o(.text) for __aeabi_i2f
    ds18b20.o(.text) refers to f2d.o(.text) for __aeabi_f2d
    ds18b20.o(.text) refers to dmul.o(.text) for __aeabi_dmul
    ds18b20.o(.text) refers to dfixi.o(.text) for __aeabi_d2iz
    delay.o(.text) refers to misc.o(.text) for SysTick_CLKSourceConfig
    delay.o(.text) refers to delay.o(.data) for fac_us
    system.o(.text) refers to misc.o(.text) for NVIC_PriorityGroupConfig
    usart.o(.text) refers to stm32f10x_rcc.o(.text) for RCC_APB2PeriphClockCmd
    usart.o(.text) refers to stm32f10x_gpio.o(.text) for GPIO_Init
    usart.o(.text) refers to misc.o(.text) for NVIC_Init
    usart.o(.text) refers to stm32f10x_usart.o(.text) for USART_Init
    usart.o(.text) refers to usart.o(.data) for USART_RX_STA
    usart.o(.text) refers to usart.o(.bss) for USART_RX_BUF
    stm32f10x_gpio.o(.text) refers to stm32f10x_rcc.o(.text) for RCC_APB2PeriphResetCmd
    stm32f10x_rcc.o(.text) refers to stm32f10x_rcc.o(.data) for APBAHBPrescTable
    stm32f10x_usart.o(.text) refers to stm32f10x_rcc.o(.text) for RCC_APB2PeriphResetCmd
    stm32f10x_spi.o(.text) refers to stm32f10x_rcc.o(.text) for RCC_APB2PeriphResetCmd
    startup_stm32f10x_md.o(RESET) refers to startup_stm32f10x_md.o(STACK) for __initial_sp
    startup_stm32f10x_md.o(RESET) refers to startup_stm32f10x_md.o(.text) for Reset_Handler
    startup_stm32f10x_md.o(RESET) refers to stm32f10x_it.o(.text) for NMI_Handler
    startup_stm32f10x_md.o(RESET) refers to usart.o(.text) for USART1_IRQHandler
    startup_stm32f10x_md.o(.text) refers to system_stm32f10x.o(.text) for SystemInit
    startup_stm32f10x_md.o(.text) refers to entry.o(.ARM.Collect$$$$00000000) for __main
    system_stm32f10x.o(.text) refers to system_stm32f10x.o(.data) for SystemCoreClock
    exfuns.o(.text) refers to strcpy.o(.text) for strcpy
    exfuns.o(.text) refers to strcmp.o(.text) for strcmp
    exfuns.o(.text) refers to exfuns.o(.data) for FILE_TYPE_TBL
    exfuns.o(.data) refers to exfuns.o(.conststring) for .conststring
    mycc936.o(.text) refers to flash.o(.text) for SPI_Flash_Read
    mycc936.o(.text) refers to fontupd.o(.data) for ftinfo
    mycc936.o(.text) refers to mycc936.o(.constdata) for tbl_lower
    diskio.o(.text) refers to mmc_sd.o(.text) for SD_Initialize
    diskio.o(.text) refers to flash.o(.text) for SPI_Flash_Init
    ff.o(.text) refers to diskio.o(.text) for disk_write
    ff.o(.text) refers to mycc936.o(.text) for ff_wtoupper
    ff.o(.text) refers to ff.o(.constdata) for LfnOfs
    ff.o(.text) refers to ff.o(.data) for CurrVol
    ff.o(.text) refers to ff.o(.bss) for LfnBuf
    fontupd.o(.text) refers to ffltui.o(.text) for __aeabi_ui2f
    fontupd.o(.text) refers to fdiv.o(.text) for __aeabi_fdiv
    fontupd.o(.text) refers to fmul.o(.text) for __aeabi_fmul
    fontupd.o(.text) refers to cfcmple.o(.text) for __aeabi_cfcmpeq
    fontupd.o(.text) refers to lcd.o(.text) for LCD_ShowString
    fontupd.o(.text) refers to ffixui.o(.text) for __aeabi_f2uiz
    fontupd.o(.text) refers to ff.o(.text) for f_open
    fontupd.o(.text) refers to flash.o(.text) for SPI_Flash_Write
    fontupd.o(.text) refers to fontupd.o(.bss) for gbkFile
    fontupd.o(.text) refers to fontupd.o(.data) for ftinfo
    fontupd.o(.text) refers to lcd.o(.data) for POINT_COLOR
    fontupd.o(.data) refers to fontupd.o(.conststring) for .conststring
    text.o(.text) refers to flash.o(.text) for SPI_Flash_Read
    text.o(.text) refers to lcd.o(.text) for LCD_DrawPoint
    text.o(.text) refers to fontupd.o(.data) for ftinfo
    text.o(.text) refers to lcd.o(.data) for POINT_COLOR
    entry.o(.ARM.Collect$$$$00000000) refers (Special) to entry7.o(.ARM.Collect$$$$00000007) for _main_init
    entry.o(.ARM.Collect$$$$00000000) refers (Special) to entry5.o(.ARM.Collect$$$$00000004) for _main_scatterload
    entry.o(.ARM.Collect$$$$00000000) refers (Special) to entry2.o(.ARM.Collect$$$$00000001) for _main_stk
    printfb.o(i.__0fprintf$bare) refers to printfb.o(i._printf_core) for _printf_core
    printfb.o(i.__0fprintf$bare) refers to usart.o(.text) for fputc
    printfb.o(i.__0printf$bare) refers to printfb.o(i._printf_core) for _printf_core
    printfb.o(i.__0printf$bare) refers to usart.o(.text) for fputc
    printfb.o(i.__0printf$bare) refers to usart.o(.data) for __stdout
    printfb.o(i.__0snprintf$bare) refers to printfb.o(i._printf_core) for _printf_core
    printfb.o(i.__0snprintf$bare) refers to printfb.o(i._snputc) for _snputc
    printfb.o(i.__0sprintf$bare) refers to printfb.o(i._printf_core) for _printf_core
    printfb.o(i.__0sprintf$bare) refers to printfb.o(i._sputc) for _sputc
    printfb.o(i.__0vfprintf$bare) refers to printfb.o(i._printf_core) for _printf_core
    printfb.o(i.__0vfprintf$bare) refers to usart.o(.text) for fputc
    printfb.o(i.__0vprintf$bare) refers to printfb.o(i._printf_core) for _printf_core
    printfb.o(i.__0vprintf$bare) refers to usart.o(.text) for fputc
    printfb.o(i.__0vprintf$bare) refers to usart.o(.data) for __stdout
    printfb.o(i.__0vsnprintf$bare) refers to printfb.o(i._printf_core) for _printf_core
    printfb.o(i.__0vsnprintf$bare) refers to printfb.o(i._snputc) for _snputc
    printfb.o(i.__0vsprintf$bare) refers to printfb.o(i._printf_core) for _printf_core
    printfb.o(i.__0vsprintf$bare) refers to printfb.o(i._sputc) for _sputc
    printf0.o(i.__0fprintf$0) refers to printf0.o(i._printf_core) for _printf_core
    printf0.o(i.__0fprintf$0) refers to usart.o(.text) for fputc
    printf0.o(i.__0printf$0) refers to printf0.o(i._printf_core) for _printf_core
    printf0.o(i.__0printf$0) refers to usart.o(.text) for fputc
    printf0.o(i.__0printf$0) refers to usart.o(.data) for __stdout
    printf0.o(i.__0snprintf$0) refers to printf0.o(i._printf_core) for _printf_core
    printf0.o(i.__0snprintf$0) refers to printf0.o(i._snputc) for _snputc
    printf0.o(i.__0sprintf$0) refers to printf0.o(i._printf_core) for _printf_core
    printf0.o(i.__0sprintf$0) refers to printf0.o(i._sputc) for _sputc
    printf0.o(i.__0vfprintf$0) refers to printf0.o(i._printf_core) for _printf_core
    printf0.o(i.__0vfprintf$0) refers to usart.o(.text) for fputc
    printf0.o(i.__0vprintf$0) refers to printf0.o(i._printf_core) for _printf_core
    printf0.o(i.__0vprintf$0) refers to usart.o(.text) for fputc
    printf0.o(i.__0vprintf$0) refers to usart.o(.data) for __stdout
    printf0.o(i.__0vsnprintf$0) refers to printf0.o(i._printf_core) for _printf_core
    printf0.o(i.__0vsnprintf$0) refers to printf0.o(i._snputc) for _snputc
    printf0.o(i.__0vsprintf$0) refers to printf0.o(i._printf_core) for _printf_core
    printf0.o(i.__0vsprintf$0) refers to printf0.o(i._sputc) for _sputc
    printf1.o(i.__0fprintf$1) refers to printf1.o(i._printf_core) for _printf_core
    printf1.o(i.__0fprintf$1) refers to usart.o(.text) for fputc
    printf1.o(i.__0printf$1) refers to printf1.o(i._printf_core) for _printf_core
    printf1.o(i.__0printf$1) refers to usart.o(.text) for fputc
    printf1.o(i.__0printf$1) refers to usart.o(.data) for __stdout
    printf1.o(i.__0snprintf$1) refers to printf1.o(i._printf_core) for _printf_core
    printf1.o(i.__0snprintf$1) refers to printf1.o(i._snputc) for _snputc
    printf1.o(i.__0sprintf$1) refers to printf1.o(i._printf_core) for _printf_core
    printf1.o(i.__0sprintf$1) refers to printf1.o(i._sputc) for _sputc
    printf1.o(i.__0vfprintf$1) refers to printf1.o(i._printf_core) for _printf_core
    printf1.o(i.__0vfprintf$1) refers to usart.o(.text) for fputc
    printf1.o(i.__0vprintf$1) refers to printf1.o(i._printf_core) for _printf_core
    printf1.o(i.__0vprintf$1) refers to usart.o(.text) for fputc
    printf1.o(i.__0vprintf$1) refers to usart.o(.data) for __stdout
    printf1.o(i.__0vsnprintf$1) refers to printf1.o(i._printf_core) for _printf_core
    printf1.o(i.__0vsnprintf$1) refers to printf1.o(i._snputc) for _snputc
    printf1.o(i.__0vsprintf$1) refers to printf1.o(i._printf_core) for _printf_core
    printf1.o(i.__0vsprintf$1) refers to printf1.o(i._sputc) for _sputc
    printf1.o(i._printf_core) refers to uidiv.o(.text) for __aeabi_uidivmod
    printf2.o(i.__0fprintf$2) refers to printf2.o(i._printf_core) for _printf_core
    printf2.o(i.__0fprintf$2) refers to usart.o(.text) for fputc
    printf2.o(i.__0printf$2) refers to printf2.o(i._printf_core) for _printf_core
    printf2.o(i.__0printf$2) refers to usart.o(.text) for fputc
    printf2.o(i.__0printf$2) refers to usart.o(.data) for __stdout
    printf2.o(i.__0snprintf$2) refers to printf2.o(i._printf_core) for _printf_core
    printf2.o(i.__0snprintf$2) refers to printf2.o(i._snputc) for _snputc
    printf2.o(i.__0sprintf$2) refers to printf2.o(i._printf_core) for _printf_core
    printf2.o(i.__0sprintf$2) refers to printf2.o(i._sputc) for _sputc
    printf2.o(i.__0vfprintf$2) refers to printf2.o(i._printf_core) for _printf_core
    printf2.o(i.__0vfprintf$2) refers to usart.o(.text) for fputc
    printf2.o(i.__0vprintf$2) refers to printf2.o(i._printf_core) for _printf_core
    printf2.o(i.__0vprintf$2) refers to usart.o(.text) for fputc
    printf2.o(i.__0vprintf$2) refers to usart.o(.data) for __stdout
    printf2.o(i.__0vsnprintf$2) refers to printf2.o(i._printf_core) for _printf_core
    printf2.o(i.__0vsnprintf$2) refers to printf2.o(i._snputc) for _snputc
    printf2.o(i.__0vsprintf$2) refers to printf2.o(i._printf_core) for _printf_core
    printf2.o(i.__0vsprintf$2) refers to printf2.o(i._sputc) for _sputc
    printf3.o(i.__0fprintf$3) refers to printf3.o(i._printf_core) for _printf_core
    printf3.o(i.__0fprintf$3) refers to usart.o(.text) for fputc
    printf3.o(i.__0printf$3) refers to printf3.o(i._printf_core) for _printf_core
    printf3.o(i.__0printf$3) refers to usart.o(.text) for fputc
    printf3.o(i.__0printf$3) refers to usart.o(.data) for __stdout
    printf3.o(i.__0snprintf$3) refers to printf3.o(i._printf_core) for _printf_core
    printf3.o(i.__0snprintf$3) refers to printf3.o(i._snputc) for _snputc
    printf3.o(i.__0sprintf$3) refers to printf3.o(i._printf_core) for _printf_core
    printf3.o(i.__0sprintf$3) refers to printf3.o(i._sputc) for _sputc
    printf3.o(i.__0vfprintf$3) refers to printf3.o(i._printf_core) for _printf_core
    printf3.o(i.__0vfprintf$3) refers to usart.o(.text) for fputc
    printf3.o(i.__0vprintf$3) refers to printf3.o(i._printf_core) for _printf_core
    printf3.o(i.__0vprintf$3) refers to usart.o(.text) for fputc
    printf3.o(i.__0vprintf$3) refers to usart.o(.data) for __stdout
    printf3.o(i.__0vsnprintf$3) refers to printf3.o(i._printf_core) for _printf_core
    printf3.o(i.__0vsnprintf$3) refers to printf3.o(i._snputc) for _snputc
    printf3.o(i.__0vsprintf$3) refers to printf3.o(i._printf_core) for _printf_core
    printf3.o(i.__0vsprintf$3) refers to printf3.o(i._sputc) for _sputc
    printf3.o(i._printf_core) refers to uidiv.o(.text) for __aeabi_uidivmod
    printf4.o(i.__0fprintf$4) refers to printf4.o(i._printf_core) for _printf_core
    printf4.o(i.__0fprintf$4) refers to usart.o(.text) for fputc
    printf4.o(i.__0printf$4) refers to printf4.o(i._printf_core) for _printf_core
    printf4.o(i.__0printf$4) refers to usart.o(.text) for fputc
    printf4.o(i.__0printf$4) refers to usart.o(.data) for __stdout
    printf4.o(i.__0snprintf$4) refers to printf4.o(i._printf_core) for _printf_core
    printf4.o(i.__0snprintf$4) refers to printf4.o(i._snputc) for _snputc
    printf4.o(i.__0sprintf$4) refers to printf4.o(i._printf_core) for _printf_core
    printf4.o(i.__0sprintf$4) refers to printf4.o(i._sputc) for _sputc
    printf4.o(i.__0vfprintf$4) refers to printf4.o(i._printf_core) for _printf_core
    printf4.o(i.__0vfprintf$4) refers to usart.o(.text) for fputc
    printf4.o(i.__0vprintf$4) refers to printf4.o(i._printf_core) for _printf_core
    printf4.o(i.__0vprintf$4) refers to usart.o(.text) for fputc
    printf4.o(i.__0vprintf$4) refers to usart.o(.data) for __stdout
    printf4.o(i.__0vsnprintf$4) refers to printf4.o(i._printf_core) for _printf_core
    printf4.o(i.__0vsnprintf$4) refers to printf4.o(i._snputc) for _snputc
    printf4.o(i.__0vsprintf$4) refers to printf4.o(i._printf_core) for _printf_core
    printf4.o(i.__0vsprintf$4) refers to printf4.o(i._sputc) for _sputc
    printf4.o(i._printf_core) refers to uldiv.o(.text) for __aeabi_uldivmod
    printf5.o(i.__0fprintf$5) refers to printf5.o(i._printf_core) for _printf_core
    printf5.o(i.__0fprintf$5) refers to usart.o(.text) for fputc
    printf5.o(i.__0printf$5) refers to printf5.o(i._printf_core) for _printf_core
    printf5.o(i.__0printf$5) refers to usart.o(.text) for fputc
    printf5.o(i.__0printf$5) refers to usart.o(.data) for __stdout
    printf5.o(i.__0snprintf$5) refers to printf5.o(i._printf_core) for _printf_core
    printf5.o(i.__0snprintf$5) refers to printf5.o(i._snputc) for _snputc
    printf5.o(i.__0sprintf$5) refers to printf5.o(i._printf_core) for _printf_core
    printf5.o(i.__0sprintf$5) refers to printf5.o(i._sputc) for _sputc
    printf5.o(i.__0vfprintf$5) refers to printf5.o(i._printf_core) for _printf_core
    printf5.o(i.__0vfprintf$5) refers to usart.o(.text) for fputc
    printf5.o(i.__0vprintf$5) refers to printf5.o(i._printf_core) for _printf_core
    printf5.o(i.__0vprintf$5) refers to usart.o(.text) for fputc
    printf5.o(i.__0vprintf$5) refers to usart.o(.data) for __stdout
    printf5.o(i.__0vsnprintf$5) refers to printf5.o(i._printf_core) for _printf_core
    printf5.o(i.__0vsnprintf$5) refers to printf5.o(i._snputc) for _snputc
    printf5.o(i.__0vsprintf$5) refers to printf5.o(i._printf_core) for _printf_core
    printf5.o(i.__0vsprintf$5) refers to printf5.o(i._sputc) for _sputc
    printf5.o(i._printf_core) refers to uldiv.o(.text) for __aeabi_uldivmod
    printf6.o(i.__0fprintf$6) refers to printf6.o(i._printf_core) for _printf_core
    printf6.o(i.__0fprintf$6) refers to usart.o(.text) for fputc
    printf6.o(i.__0printf$6) refers to printf6.o(i._printf_core) for _printf_core
    printf6.o(i.__0printf$6) refers to usart.o(.text) for fputc
    printf6.o(i.__0printf$6) refers to usart.o(.data) for __stdout
    printf6.o(i.__0snprintf$6) refers to printf6.o(i._printf_core) for _printf_core
    printf6.o(i.__0snprintf$6) refers to printf6.o(i._snputc) for _snputc
    printf6.o(i.__0sprintf$6) refers to printf6.o(i._printf_core) for _printf_core
    printf6.o(i.__0sprintf$6) refers to printf6.o(i._sputc) for _sputc
    printf6.o(i.__0vfprintf$6) refers to printf6.o(i._printf_core) for _printf_core
    printf6.o(i.__0vfprintf$6) refers to usart.o(.text) for fputc
    printf6.o(i.__0vprintf$6) refers to printf6.o(i._printf_core) for _printf_core
    printf6.o(i.__0vprintf$6) refers to usart.o(.text) for fputc
    printf6.o(i.__0vprintf$6) refers to usart.o(.data) for __stdout
    printf6.o(i.__0vsnprintf$6) refers to printf6.o(i._printf_core) for _printf_core
    printf6.o(i.__0vsnprintf$6) refers to printf6.o(i._snputc) for _snputc
    printf6.o(i.__0vsprintf$6) refers to printf6.o(i._printf_core) for _printf_core
    printf6.o(i.__0vsprintf$6) refers to printf6.o(i._sputc) for _sputc
    printf6.o(i._printf_core) refers to printf6.o(i._printf_pre_padding) for _printf_pre_padding
    printf6.o(i._printf_core) refers to uidiv.o(.text) for __aeabi_uidivmod
    printf6.o(i._printf_core) refers to printf6.o(i._printf_post_padding) for _printf_post_padding
    printf7.o(i.__0fprintf$7) refers to printf7.o(i._printf_core) for _printf_core
    printf7.o(i.__0fprintf$7) refers to usart.o(.text) for fputc
    printf7.o(i.__0printf$7) refers to printf7.o(i._printf_core) for _printf_core
    printf7.o(i.__0printf$7) refers to usart.o(.text) for fputc
    printf7.o(i.__0printf$7) refers to usart.o(.data) for __stdout
    printf7.o(i.__0snprintf$7) refers to printf7.o(i._printf_core) for _printf_core
    printf7.o(i.__0snprintf$7) refers to printf7.o(i._snputc) for _snputc
    printf7.o(i.__0sprintf$7) refers to printf7.o(i._printf_core) for _printf_core
    printf7.o(i.__0sprintf$7) refers to printf7.o(i._sputc) for _sputc
    printf7.o(i.__0vfprintf$7) refers to printf7.o(i._printf_core) for _printf_core
    printf7.o(i.__0vfprintf$7) refers to usart.o(.text) for fputc
    printf7.o(i.__0vprintf$7) refers to printf7.o(i._printf_core) for _printf_core
    printf7.o(i.__0vprintf$7) refers to usart.o(.text) for fputc
    printf7.o(i.__0vprintf$7) refers to usart.o(.data) for __stdout
    printf7.o(i.__0vsnprintf$7) refers to printf7.o(i._printf_core) for _printf_core
    printf7.o(i.__0vsnprintf$7) refers to printf7.o(i._snputc) for _snputc
    printf7.o(i.__0vsprintf$7) refers to printf7.o(i._printf_core) for _printf_core
    printf7.o(i.__0vsprintf$7) refers to printf7.o(i._sputc) for _sputc
    printf7.o(i._printf_core) refers to printf7.o(i._printf_pre_padding) for _printf_pre_padding
    printf7.o(i._printf_core) refers to uldiv.o(.text) for __aeabi_uldivmod
    printf7.o(i._printf_core) refers to printf7.o(i._printf_post_padding) for _printf_post_padding
    printf8.o(i.__0fprintf$8) refers to printf8.o(i._printf_core) for _printf_core
    printf8.o(i.__0fprintf$8) refers to usart.o(.text) for fputc
    printf8.o(i.__0printf$8) refers to printf8.o(i._printf_core) for _printf_core
    printf8.o(i.__0printf$8) refers to usart.o(.text) for fputc
    printf8.o(i.__0printf$8) refers to usart.o(.data) for __stdout
    printf8.o(i.__0snprintf$8) refers to printf8.o(i._printf_core) for _printf_core
    printf8.o(i.__0snprintf$8) refers to printf8.o(i._snputc) for _snputc
    printf8.o(i.__0sprintf$8) refers to printf8.o(i._printf_core) for _printf_core
    printf8.o(i.__0sprintf$8) refers to printf8.o(i._sputc) for _sputc
    printf8.o(i.__0vfprintf$8) refers to printf8.o(i._printf_core) for _printf_core
    printf8.o(i.__0vfprintf$8) refers to usart.o(.text) for fputc
    printf8.o(i.__0vprintf$8) refers to printf8.o(i._printf_core) for _printf_core
    printf8.o(i.__0vprintf$8) refers to usart.o(.text) for fputc
    printf8.o(i.__0vprintf$8) refers to usart.o(.data) for __stdout
    printf8.o(i.__0vsnprintf$8) refers to printf8.o(i._printf_core) for _printf_core
    printf8.o(i.__0vsnprintf$8) refers to printf8.o(i._snputc) for _snputc
    printf8.o(i.__0vsprintf$8) refers to printf8.o(i._printf_core) for _printf_core
    printf8.o(i.__0vsprintf$8) refers to printf8.o(i._sputc) for _sputc
    printf8.o(i._printf_core) refers to printf8.o(i._printf_pre_padding) for _printf_pre_padding
    printf8.o(i._printf_core) refers to uldiv.o(.text) for __aeabi_uldivmod
    printf8.o(i._printf_core) refers to printf8.o(i._printf_post_padding) for _printf_post_padding
    printfa.o(i.__0fprintf) refers (Special) to iusefp.o(.text) for __I$use$fp
    printfa.o(i.__0fprintf) refers to printfa.o(i._printf_core) for _printf_core
    printfa.o(i.__0fprintf) refers to usart.o(.text) for fputc
    printfa.o(i.__0printf) refers (Special) to iusefp.o(.text) for __I$use$fp
    printfa.o(i.__0printf) refers to printfa.o(i._printf_core) for _printf_core
    printfa.o(i.__0printf) refers to usart.o(.text) for fputc
    printfa.o(i.__0printf) refers to usart.o(.data) for __stdout
    printfa.o(i.__0snprintf) refers (Special) to iusefp.o(.text) for __I$use$fp
    printfa.o(i.__0snprintf) refers to printfa.o(i._printf_core) for _printf_core
    printfa.o(i.__0snprintf) refers to printfa.o(i._snputc) for _snputc
    printfa.o(i.__0sprintf) refers (Special) to iusefp.o(.text) for __I$use$fp
    printfa.o(i.__0sprintf) refers to printfa.o(i._printf_core) for _printf_core
    printfa.o(i.__0sprintf) refers to printfa.o(i._sputc) for _sputc
    printfa.o(i.__0vfprintf) refers (Special) to iusefp.o(.text) for __I$use$fp
    printfa.o(i.__0vfprintf) refers to printfa.o(i._printf_core) for _printf_core
    printfa.o(i.__0vfprintf) refers to usart.o(.text) for fputc
    printfa.o(i.__0vprintf) refers (Special) to iusefp.o(.text) for __I$use$fp
    printfa.o(i.__0vprintf) refers to printfa.o(i._printf_core) for _printf_core
    printfa.o(i.__0vprintf) refers to usart.o(.text) for fputc
    printfa.o(i.__0vprintf) refers to usart.o(.data) for __stdout
    printfa.o(i.__0vsnprintf) refers (Special) to iusefp.o(.text) for __I$use$fp
    printfa.o(i.__0vsnprintf) refers to printfa.o(i._printf_core) for _printf_core
    printfa.o(i.__0vsnprintf) refers to printfa.o(i._snputc) for _snputc
    printfa.o(i.__0vsprintf) refers (Special) to iusefp.o(.text) for __I$use$fp
    printfa.o(i.__0vsprintf) refers to printfa.o(i._printf_core) for _printf_core
    printfa.o(i.__0vsprintf) refers to printfa.o(i._sputc) for _sputc
    printfa.o(i._fp_digits) refers (Special) to iusefp.o(.text) for __I$use$fp
    printfa.o(i._fp_digits) refers to dmul.o(.text) for __aeabi_dmul
    printfa.o(i._fp_digits) refers to ddiv.o(.text) for __aeabi_ddiv
    printfa.o(i._fp_digits) refers to cdrcmple.o(.text) for __aeabi_cdrcmple
    printfa.o(i._fp_digits) refers to dadd.o(.text) for __aeabi_dadd
    printfa.o(i._fp_digits) refers to dfixul.o(.text) for __aeabi_d2ulz
    printfa.o(i._fp_digits) refers to uldiv.o(.text) for __aeabi_uldivmod
    printfa.o(i._printf_core) refers (Special) to iusefp.o(.text) for __I$use$fp
    printfa.o(i._printf_core) refers to printfa.o(i._printf_pre_padding) for _printf_pre_padding
    printfa.o(i._printf_core) refers to uldiv.o(.text) for __aeabi_uldivmod
    printfa.o(i._printf_core) refers to printfa.o(i._printf_post_padding) for _printf_post_padding
    printfa.o(i._printf_core) refers to printfa.o(i._fp_digits) for _fp_digits
    printfa.o(i._printf_core) refers to uidiv.o(.text) for __aeabi_uidivmod
    printfa.o(i._printf_post_padding) refers (Special) to iusefp.o(.text) for __I$use$fp
    printfa.o(i._printf_pre_padding) refers (Special) to iusefp.o(.text) for __I$use$fp
    printfa.o(i._snputc) refers (Special) to iusefp.o(.text) for __I$use$fp
    printfa.o(i._sputc) refers (Special) to iusefp.o(.text) for __I$use$fp
    fmul.o(.text) refers (Special) to iusefp.o(.text) for __I$use$fp
    fdiv.o(.text) refers (Special) to iusefp.o(.text) for __I$use$fp
    fdiv.o(.text) refers to fepilogue.o(.text) for _float_round
    dmul.o(.text) refers (Special) to iusefp.o(.text) for __I$use$fp
    dmul.o(.text) refers to depilogue.o(.text) for _double_epilogue
    fflti.o(.text) refers (Special) to iusefp.o(.text) for __I$use$fp
    fflti.o(.text) refers to fepilogue.o(.text) for _float_epilogue
    ffltui.o(.text) refers (Special) to iusefp.o(.text) for __I$use$fp
    ffltui.o(.text) refers to fepilogue.o(.text) for _float_epilogue
    ffixui.o(.text) refers (Special) to iusefp.o(.text) for __I$use$fp
    dfixi.o(.text) refers (Special) to iusefp.o(.text) for __I$use$fp
    dfixi.o(.text) refers to llushr.o(.text) for __aeabi_llsr
    f2d.o(.text) refers (Special) to iusefp.o(.text) for __I$use$fp
    cfcmple.o(.text) refers (Special) to iusefp.o(.text) for __I$use$fp
    entry2.o(.ARM.Collect$$$$00000001) refers to entry2.o(.ARM.Collect$$$$00002712) for __lit__00000000
    entry2.o(.ARM.Collect$$$$00002712) refers to startup_stm32f10x_md.o(STACK) for __initial_sp
    entry2.o(__vectab_stack_and_reset_area) refers to startup_stm32f10x_md.o(STACK) for __initial_sp
    entry2.o(__vectab_stack_and_reset_area) refers to entry.o(.ARM.Collect$$$$00000000) for __main
    entry5.o(.ARM.Collect$$$$00000004) refers to init.o(.text) for __scatterload
    entry7.o(.ARM.Collect$$$$00000007) refers to main.o(.text) for main
    uldiv.o(.text) refers to llushr.o(.text) for __aeabi_llsr
    uldiv.o(.text) refers to llshl.o(.text) for __aeabi_llsl
    depilogue.o(.text) refers to llshl.o(.text) for __aeabi_llsl
    depilogue.o(.text) refers to llushr.o(.text) for __aeabi_llsr
    dadd.o(.text) refers to llshl.o(.text) for __aeabi_llsl
    dadd.o(.text) refers to llsshr.o(.text) for __aeabi_lasr
    dadd.o(.text) refers to depilogue.o(.text) for _double_epilogue
    ddiv.o(.text) refers to depilogue.o(.text) for _double_round
    dfixul.o(.text) refers to llushr.o(.text) for __aeabi_llsr
    dfixul.o(.text) refers to llshl.o(.text) for __aeabi_llsl
    init.o(.text) refers to entry5.o(.ARM.Collect$$$$00000004) for __main_after_scatterload
    lcd.o(i.LCD_SetCursor) refers to lcd.o(.text) for LCD_WriteReg
    lcd.o(i.LCD_SetCursor) refers to lcd.o(.data) for DeviceCode


==============================================================================

Removing Unused input sections from the image.

    Removing led.o(.text), (124 bytes).
    Removing 24cxx.o(.text), (378 bytes).
    Removing myiic.o(.text), (628 bytes).
    Removing system.o(.text), (12 bytes).
    Removing startup_stm32f10x_md.o(HEAP), (512 bytes).
    Removing core_cm3.o(.emb_text), (32 bytes).
    Removing exfuns.o(.text), (220 bytes).
    Removing exfuns.o(.bss), (2812 bytes).
    Removing exfuns.o(.conststring), (90 bytes).
    Removing exfuns.o(.data), (320 bytes).
    Removing text.o(.text), (728 bytes).
    Removing dadd.o(.text), (330 bytes).
    Removing ddiv.o(.text), (222 bytes).
    Removing dfixul.o(.text), (48 bytes).
    Removing cdrcmple.o(.text), (40 bytes).

15 unused section(s) (total 6496 bytes) removed from the image.

==============================================================================

Image Symbol Table

    Local Symbols

    Symbol Name                              Value     Ov Type        Size  Object(Section)

    ../../microlib/division.c                0x00000000   Number         0  uidiv.o ABSOLUTE
    ../../microlib/division.c                0x00000000   Number         0  uldiv.o ABSOLUTE
    ../../microlib/f2d.c                     0x00000000   Number         0  f2d.o ABSOLUTE
    ../../microlib/fpadd.c                   0x00000000   Number         0  dadd.o ABSOLUTE
    ../../microlib/fpdiv.c                   0x00000000   Number         0  fdiv.o ABSOLUTE
    ../../microlib/fpdiv.c                   0x00000000   Number         0  ddiv.o ABSOLUTE
    ../../microlib/fpepilogue.c              0x00000000   Number         0  depilogue.o ABSOLUTE
    ../../microlib/fpepilogue.c              0x00000000   Number         0  fepilogue.o ABSOLUTE
    ../../microlib/fpfix.c                   0x00000000   Number         0  dfixi.o ABSOLUTE
    ../../microlib/fpfix.c                   0x00000000   Number         0  dfixul.o ABSOLUTE
    ../../microlib/fpfix.c                   0x00000000   Number         0  ffixui.o ABSOLUTE
    ../../microlib/fpflt.c                   0x00000000   Number         0  ffltui.o ABSOLUTE
    ../../microlib/fpflt.c                   0x00000000   Number         0  fflti.o ABSOLUTE
    ../../microlib/fpmul.c                   0x00000000   Number         0  fmul.o ABSOLUTE
    ../../microlib/fpmul.c                   0x00000000   Number         0  dmul.o ABSOLUTE
    ../../microlib/init/entry.s              0x00000000   Number         0  entry2.o ABSOLUTE
    ../../microlib/init/entry.s              0x00000000   Number         0  entry7.o ABSOLUTE
    ../../microlib/init/entry.s              0x00000000   Number         0  entry.o ABSOLUTE
    ../../microlib/init/entry.s              0x00000000   Number         0  entry5.o ABSOLUTE
    ../../microlib/longlong.c                0x00000000   Number         0  llushr.o ABSOLUTE
    ../../microlib/longlong.c                0x00000000   Number         0  llsshr.o ABSOLUTE
    ../../microlib/longlong.c                0x00000000   Number         0  llshl.o ABSOLUTE
    ../../microlib/printf/printf.c           0x00000000   Number         0  printf5.o ABSOLUTE
    ../../microlib/printf/printf.c           0x00000000   Number         0  printf4.o ABSOLUTE
    ../../microlib/printf/printf.c           0x00000000   Number         0  printf3.o ABSOLUTE
    ../../microlib/printf/printf.c           0x00000000   Number         0  printf2.o ABSOLUTE
    ../../microlib/printf/printf.c           0x00000000   Number         0  printf0.o ABSOLUTE
    ../../microlib/printf/printf.c           0x00000000   Number         0  printfb.o ABSOLUTE
    ../../microlib/printf/printf.c           0x00000000   Number         0  printfa.o ABSOLUTE
    ../../microlib/printf/printf.c           0x00000000   Number         0  printf8.o ABSOLUTE
    ../../microlib/printf/printf.c           0x00000000   Number         0  printf7.o ABSOLUTE
    ../../microlib/printf/printf.c           0x00000000   Number         0  printf6.o ABSOLUTE
    ../../microlib/printf/printf.c           0x00000000   Number         0  printf1.o ABSOLUTE
    ../../microlib/printf/stubs.s            0x00000000   Number         0  stubs.o ABSOLUTE
    ../../microlib/string/strcmp.c           0x00000000   Number         0  strcmp.o ABSOLUTE
    ../../microlib/string/strcpy.c           0x00000000   Number         0  strcpy.o ABSOLUTE
    ../../microlib/stubs.s                   0x00000000   Number         0  iusefp.o ABSOLUTE
    ../../microlib/stubs.s                   0x00000000   Number         0  useno.o ABSOLUTE
    ..\..\CMSIS\CoreSupport\core_cm3.c       0x00000000   Number         0  core_cm3.o ABSOLUTE
    ..\..\CMSIS\STM32F10x\system_stm32f10x.c 0x00000000   Number         0  system_stm32f10x.o ABSOLUTE
    ..\..\FATFS\exfuns\exfuns.c              0x00000000   Number         0  exfuns.o ABSOLUTE
    ..\..\FATFS\exfuns\mycc936.c             0x00000000   Number         0  mycc936.o ABSOLUTE
    ..\..\FATFS\src\diskio.c                 0x00000000   Number         0  diskio.o ABSOLUTE
    ..\..\FATFS\src\ff.c                     0x00000000   Number         0  ff.o ABSOLUTE
    ..\..\Hardware\src\24cxx.c               0x00000000   Number         0  24cxx.o ABSOLUTE
    ..\..\Hardware\src\24l01.c               0x00000000   Number         0  24l01.o ABSOLUTE
    ..\..\Hardware\src\ds18b20.c             0x00000000   Number         0  ds18b20.o ABSOLUTE
    ..\..\Hardware\src\flash.c               0x00000000   Number         0  flash.o ABSOLUTE
    ..\..\Hardware\src\key.c                 0x00000000   Number         0  key.o ABSOLUTE
    ..\..\Hardware\src\lcd.c                 0x00000000   Number         0  lcd.o ABSOLUTE
    ..\..\Hardware\src\led.c                 0x00000000   Number         0  led.o ABSOLUTE
    ..\..\Hardware\src\mmc_sd.c              0x00000000   Number         0  mmc_sd.o ABSOLUTE
    ..\..\Hardware\src\myiic.c               0x00000000   Number         0  myiic.o ABSOLUTE
    ..\..\Hardware\src\spi.c                 0x00000000   Number         0  spi.o ABSOLUTE
    ..\..\Libraries\src\misc.c               0x00000000   Number         0  misc.o ABSOLUTE
    ..\..\Libraries\src\stm32f10x_gpio.c     0x00000000   Number         0  stm32f10x_gpio.o ABSOLUTE
    ..\..\Libraries\src\stm32f10x_rcc.c      0x00000000   Number         0  stm32f10x_rcc.o ABSOLUTE
    ..\..\Libraries\src\stm32f10x_spi.c      0x00000000   Number         0  stm32f10x_spi.o ABSOLUTE
    ..\..\Libraries\src\stm32f10x_usart.c    0x00000000   Number         0  stm32f10x_usart.o ABSOLUTE
    ..\..\TEXT\fontupd.c                     0x00000000   Number         0  fontupd.o ABSOLUTE
    ..\..\TEXT\text.c                        0x00000000   Number         0  text.o ABSOLUTE
    ..\..\startup\arm\startup_stm32f10x_md.s 0x00000000   Number         0  startup_stm32f10x_md.o ABSOLUTE
    ..\..\system\src\delay.c                 0x00000000   Number         0  delay.o ABSOLUTE
    ..\..\system\src\system.c                0x00000000   Number         0  system.o ABSOLUTE
    ..\..\system\src\usart.c                 0x00000000   Number         0  usart.o ABSOLUTE
    ..\..\user\src\main.c                    0x00000000   Number         0  main.o ABSOLUTE
    ..\..\user\src\stm32f10x_it.c            0x00000000   Number         0  stm32f10x_it.o ABSOLUTE
    ..\\..\\CMSIS\\CoreSupport\\core_cm3.c   0x00000000   Number         0  core_cm3.o ABSOLUTE
    cdrcmple.s                               0x00000000   Number         0  cdrcmple.o ABSOLUTE
    cfcmple.s                                0x00000000   Number         0  cfcmple.o ABSOLUTE
    dc.s                                     0x00000000   Number         0  dc.o ABSOLUTE
    handlers.s                               0x00000000   Number         0  handlers.o ABSOLUTE
    init.s                                   0x00000000   Number         0  init.o ABSOLUTE
    RESET                                    0x08000000   Section      236  startup_stm32f10x_md.o(RESET)
    .ARM.Collect$$$$00000000                 0x080000ec   Section        0  entry.o(.ARM.Collect$$$$00000000)
    .ARM.Collect$$$$00000001                 0x080000ec   Section        4  entry2.o(.ARM.Collect$$$$00000001)
    .ARM.Collect$$$$00000004                 0x080000f0   Section        4  entry5.o(.ARM.Collect$$$$00000004)
    .ARM.Collect$$$$00000007                 0x080000f4   Section        8  entry7.o(.ARM.Collect$$$$00000007)
    .ARM.Collect$$$$00002712                 0x080000fc   Section        4  entry2.o(.ARM.Collect$$$$00002712)
    __lit__00000000                          0x080000fc   Data           4  entry2.o(.ARM.Collect$$$$00002712)
    .text                                    0x08000100   Section        0  main.o(.text)
    .text                                    0x080002fc   Section        0  stm32f10x_it.o(.text)
    .text                                    0x08000318   Section        0  lcd.o(.text)
    .text                                    0x08001848   Section        0  key.o(.text)
    .text                                    0x0800192c   Section        0  flash.o(.text)
    .text                                    0x08001c6c   Section        0  spi.o(.text)
    .text                                    0x08001d4c   Section        0  24l01.o(.text)
    .text                                    0x08001fe4   Section        0  mmc_sd.o(.text)
    .text                                    0x08002558   Section        0  ds18b20.o(.text)
    .text                                    0x08002804   Section        0  delay.o(.text)
    .text                                    0x080028a0   Section        0  usart.o(.text)
    .text                                    0x080029e0   Section        0  misc.o(.text)
    .text                                    0x08002ad8   Section        0  stm32f10x_gpio.o(.text)
    .text                                    0x08002e30   Section        0  stm32f10x_rcc.o(.text)
    .text                                    0x080031d4   Section        0  stm32f10x_usart.o(.text)
    .text                                    0x080035e0   Section        0  stm32f10x_spi.o(.text)
    .text                                    0x080038f0   Section       36  startup_stm32f10x_md.o(.text)
    .text                                    0x08003914   Section        0  system_stm32f10x.o(.text)
    SetSysClockTo72                          0x08003915   Thumb Code   192  system_stm32f10x.o(.text)
    SetSysClock                              0x080039d5   Thumb Code     8  system_stm32f10x.o(.text)
    .text                                    0x08003adc   Section        0  mycc936.o(.text)
    .text                                    0x08003ba8   Section        0  diskio.o(.text)
    .text                                    0x08003d58   Section        0  ff.o(.text)
    mem_cpy                                  0x08003d59   Thumb Code    26  ff.o(.text)
    mem_set                                  0x08003d73   Thumb Code    20  ff.o(.text)
    mem_cmp                                  0x08003d87   Thumb Code    38  ff.o(.text)
    chk_chr                                  0x08003dad   Thumb Code    20  ff.o(.text)
    move_window                              0x08003dc1   Thumb Code   114  ff.o(.text)
    sync                                     0x08003e33   Thumb Code   202  ff.o(.text)
    remove_chain                             0x08004131   Thumb Code   104  ff.o(.text)
    create_chain                             0x08004199   Thumb Code   202  ff.o(.text)
    clmt_clust                               0x08004263   Thumb Code    50  ff.o(.text)
    dir_sdi                                  0x08004295   Thumb Code   156  ff.o(.text)
    dir_next                                 0x08004331   Thumb Code   274  ff.o(.text)
    cmp_lfn                                  0x08004443   Thumb Code   140  ff.o(.text)
    pick_lfn                                 0x080044cf   Thumb Code   112  ff.o(.text)
    fit_lfn                                  0x0800453f   Thumb Code   122  ff.o(.text)
    sum_sfn                                  0x08004677   Thumb Code    32  ff.o(.text)
    dir_find                                 0x08004697   Thumb Code   230  ff.o(.text)
    dir_read                                 0x0800477d   Thumb Code   204  ff.o(.text)
    dir_register                             0x08004849   Thumb Code   408  ff.o(.text)
    dir_remove                               0x080049e1   Thumb Code    96  ff.o(.text)
    create_name                              0x08004a41   Thumb Code   708  ff.o(.text)
    get_fileinfo                             0x08004d05   Thumb Code   318  ff.o(.text)
    follow_path                              0x08004e43   Thumb Code   206  ff.o(.text)
    check_fs                                 0x08004f11   Thumb Code   138  ff.o(.text)
    chk_mounted                              0x08004f9b   Thumb Code   876  ff.o(.text)
    validate                                 0x08005307   Thumb Code    42  ff.o(.text)
    .text                                    0x08006d90   Section        0  fontupd.o(.text)
    .text                                    0x08006fb0   Section        0  fmul.o(.text)
    .text                                    0x0800701c   Section        0  fdiv.o(.text)
    .text                                    0x0800709c   Section        0  dmul.o(.text)
    .text                                    0x0800717e   Section        0  fflti.o(.text)
    .text                                    0x08007190   Section        0  ffltui.o(.text)
    .text                                    0x0800719a   Section        0  ffixui.o(.text)
    .text                                    0x080071c2   Section        0  dfixi.o(.text)
    .text                                    0x08007200   Section        0  f2d.o(.text)
    .text                                    0x0800722c   Section       20  cfcmple.o(.text)
    .text                                    0x08007240   Section        0  uldiv.o(.text)
    .text                                    0x080072a6   Section        0  llushr.o(.text)
    .text                                    0x080072c6   Section        0  fepilogue.o(.text)
    .text                                    0x080072c6   Section        0  iusefp.o(.text)
    .text                                    0x08007336   Section        0  depilogue.o(.text)
    .text                                    0x080073f8   Section       36  init.o(.text)
    .text                                    0x0800741c   Section        0  llshl.o(.text)
    i.LCD_SetCursor                          0x0800743c   Section        0  lcd.o(i.LCD_SetCursor)
    i.__0printf$5                            0x08007478   Section        0  printf5.o(i.__0printf$5)
    i.__scatterload_copy                     0x08007498   Section       14  handlers.o(i.__scatterload_copy)
    i.__scatterload_null                     0x080074a6   Section        2  handlers.o(i.__scatterload_null)
    i.__scatterload_zeroinit                 0x080074a8   Section       14  handlers.o(i.__scatterload_zeroinit)
    i._printf_core                           0x080074b8   Section        0  printf5.o(i._printf_core)
    _printf_core                             0x080074b9   Thumb Code   664  printf5.o(i._printf_core)
    .constdata                               0x0800777c   Section        4  main.o(.constdata)
    .constdata                               0x08007780   Section     2660  lcd.o(.constdata)
    .constdata                               0x080081e4   Section       10  24l01.o(.constdata)
    .constdata                               0x080081ee   Section      960  mycc936.o(.constdata)
    tbl_lower                                0x080081ee   Data         480  mycc936.o(.constdata)
    tbl_upper                                0x080083ce   Data         480  mycc936.o(.constdata)
    .constdata                               0x080085ae   Section       58  ff.o(.constdata)
    LfnOfs                                   0x080085ae   Data          13  ff.o(.constdata)
    vst                                      0x080085bc   Data          22  ff.o(.constdata)
    cst                                      0x080085d2   Data          22  ff.o(.constdata)
    .conststring                             0x080085e8   Section       52  fontupd.o(.conststring)
    .data                                    0x20000000   Section        6  lcd.o(.data)
    .data                                    0x20000006   Section        1  key.o(.data)
    key_up                                   0x20000006   Data           1  key.o(.data)
    .data                                    0x20000007   Section        1  mmc_sd.o(.data)
    .data                                    0x20000008   Section        4  delay.o(.data)
    fac_us                                   0x20000008   Data           1  delay.o(.data)
    fac_ms                                   0x2000000a   Data           2  delay.o(.data)
    .data                                    0x2000000c   Section        8  usart.o(.data)
    .data                                    0x20000014   Section       20  stm32f10x_rcc.o(.data)
    APBAHBPrescTable                         0x20000014   Data          16  stm32f10x_rcc.o(.data)
    ADCPrescTable                            0x20000024   Data           4  stm32f10x_rcc.o(.data)
    .data                                    0x20000028   Section       20  system_stm32f10x.o(.data)
    .data                                    0x2000003c   Section       11  ff.o(.data)
    FatFs                                    0x2000003c   Data           8  ff.o(.data)
    Fsid                                     0x20000044   Data           2  ff.o(.data)
    CurrVol                                  0x20000046   Data           1  ff.o(.data)
    .data                                    0x20000048   Section       24  fontupd.o(.data)
    .bss                                     0x20000060   Section     4096  flash.o(.bss)
    .bss                                     0x20001060   Section       18  spi.o(.bss)
    .bss                                     0x20001072   Section       64  usart.o(.bss)
    .bss                                     0x200010b2   Section      512  ff.o(.bss)
    LfnBuf                                   0x200010b2   Data         512  ff.o(.bss)
    .bss                                     0x200012b4   Section     1576  fontupd.o(.bss)
    STACK                                    0x200018e0   Section     1024  startup_stm32f10x_md.o(STACK)

    Global Symbols

    Symbol Name                              Value     Ov Type        Size  Object(Section)

    BuildAttributes$$THM_ISAv4$P$D$K$B$S$PE$A:L22UL41UL21$X:L11$S22US41US21$IEEE1$IW$USESV6$~STKCKD$USESV7$~SHL$OTIME$ROPI$EBA8$MICROLIB$REQ8$PRES8$EABIv2 0x00000000   Number         0  anon$$obj.o ABSOLUTE
    __ARM_use_no_argv                        0x00000000   Number         0  main.o ABSOLUTE
    __use_no_errno                           0x00000000   Number         0  useno.o ABSOLUTE
    __use_no_exception_handling              0x00000000   Number         0  useno.o ABSOLUTE
    __use_no_fp                              0x00000000   Number         0  useno.o ABSOLUTE
    __use_no_heap                            0x00000000   Number         0  useno.o ABSOLUTE
    __use_no_heap_region                     0x00000000   Number         0  useno.o ABSOLUTE
    __use_no_semihosting                     0x00000000   Number         0  useno.o ABSOLUTE
    __use_no_semihosting_swi                 0x00000000   Number         0  useno.o ABSOLUTE
    __use_no_signal_handling                 0x00000000   Number         0  useno.o ABSOLUTE
    _printf_a                                0x00000000   Number         0  stubs.o ABSOLUTE
    _printf_c                                0x00000000   Number         0  stubs.o ABSOLUTE
    _printf_charcount                        0x00000000   Number         0  stubs.o ABSOLUTE
    _printf_d                                0x00000000   Number         0  stubs.o ABSOLUTE
    _printf_e                                0x00000000   Number         0  stubs.o ABSOLUTE
    _printf_f                                0x00000000   Number         0  stubs.o ABSOLUTE
    _printf_flags                            0x00000000   Number         0  stubs.o ABSOLUTE
    _printf_fp_dec                           0x00000000   Number         0  stubs.o ABSOLUTE
    _printf_fp_hex                           0x00000000   Number         0  stubs.o ABSOLUTE
    _printf_g                                0x00000000   Number         0  stubs.o ABSOLUTE
    _printf_i                                0x00000000   Number         0  stubs.o ABSOLUTE
    _printf_int_dec                          0x00000000   Number         0  stubs.o ABSOLUTE
    _printf_l                                0x00000000   Number         0  stubs.o ABSOLUTE
    _printf_lc                               0x00000000   Number         0  stubs.o ABSOLUTE
    _printf_ll                               0x00000000   Number         0  stubs.o ABSOLUTE
    _printf_lld                              0x00000000   Number         0  stubs.o ABSOLUTE
    _printf_lli                              0x00000000   Number         0  stubs.o ABSOLUTE
    _printf_llo                              0x00000000   Number         0  stubs.o ABSOLUTE
    _printf_llu                              0x00000000   Number         0  stubs.o ABSOLUTE
    _printf_llx                              0x00000000   Number         0  stubs.o ABSOLUTE
    _printf_longlong_dec                     0x00000000   Number         0  stubs.o ABSOLUTE
    _printf_longlong_hex                     0x00000000   Number         0  stubs.o ABSOLUTE
    _printf_longlong_oct                     0x00000000   Number         0  stubs.o ABSOLUTE
    _printf_ls                               0x00000000   Number         0  stubs.o ABSOLUTE
    _printf_mbtowc                           0x00000000   Number         0  stubs.o ABSOLUTE
    _printf_n                                0x00000000   Number         0  stubs.o ABSOLUTE
    _printf_o                                0x00000000   Number         0  stubs.o ABSOLUTE
    _printf_p                                0x00000000   Number         0  stubs.o ABSOLUTE
    _printf_percent                          0x00000000   Number         0  stubs.o ABSOLUTE
    _printf_pre_padding                      0x00000000   Number         0  stubs.o ABSOLUTE
    _printf_return_value                     0x00000000   Number         0  stubs.o ABSOLUTE
    _printf_s                                0x00000000   Number         0  stubs.o ABSOLUTE
    _printf_sizespec                         0x00000000   Number         0  stubs.o ABSOLUTE
    _printf_str                              0x00000000   Number         0  stubs.o ABSOLUTE
    _printf_truncate_signed                  0x00000000   Number         0  stubs.o ABSOLUTE
    _printf_truncate_unsigned                0x00000000   Number         0  stubs.o ABSOLUTE
    _printf_u                                0x00000000   Number         0  stubs.o ABSOLUTE
    _printf_wc                               0x00000000   Number         0  stubs.o ABSOLUTE
    _printf_wctomb                           0x00000000   Number         0  stubs.o ABSOLUTE
    _printf_widthprec                        0x00000000   Number         0  stubs.o ABSOLUTE
    _printf_x                                0x00000000   Number         0  stubs.o ABSOLUTE
    __decompress                              - Undefined Weak Reference
    __Vectors_Size                           0x000000ec   Number         0  startup_stm32f10x_md.o ABSOLUTE
    __Vectors                                0x08000000   Data           4  startup_stm32f10x_md.o(RESET)
    __Vectors_End                            0x080000ec   Data           0  startup_stm32f10x_md.o(RESET)
    __main                                   0x080000ed   Thumb Code     0  entry.o(.ARM.Collect$$$$00000000)
    _main_stk                                0x080000ed   Thumb Code     0  entry2.o(.ARM.Collect$$$$00000001)
    _main_scatterload                        0x080000f1   Thumb Code     0  entry5.o(.ARM.Collect$$$$00000004)
    __main_after_scatterload                 0x080000f5   Thumb Code     0  entry5.o(.ARM.Collect$$$$00000004)
    _main_init                               0x080000f5   Thumb Code     0  entry7.o(.ARM.Collect$$$$00000007)
    main                                     0x08000101   Thumb Code   360  main.o(.text)
    NMI_Handler                              0x080002fd   Thumb Code     2  stm32f10x_it.o(.text)
    HardFault_Handler                        0x080002ff   Thumb Code     4  stm32f10x_it.o(.text)
    MemManage_Handler                        0x08000303   Thumb Code     4  stm32f10x_it.o(.text)
    BusFault_Handler                         0x08000307   Thumb Code     4  stm32f10x_it.o(.text)
    UsageFault_Handler                       0x0800030b   Thumb Code     4  stm32f10x_it.o(.text)
    SVC_Handler                              0x0800030f   Thumb Code     2  stm32f10x_it.o(.text)
    DebugMon_Handler                         0x08000311   Thumb Code     2  stm32f10x_it.o(.text)
    PendSV_Handler                           0x08000313   Thumb Code     2  stm32f10x_it.o(.text)
    SysTick_Handler                          0x08000315   Thumb Code     2  stm32f10x_it.o(.text)
    LCD_WR_REG                               0x08000319   Thumb Code    32  lcd.o(.text)
    LCD_WriteReg                             0x08000339   Thumb Code    44  lcd.o(.text)
    LCD_ReadReg                              0x08000365   Thumb Code   104  lcd.o(.text)
    LCD_WriteRAM_Prepare                     0x080003cd   Thumb Code    10  lcd.o(.text)
    LCD_WriteRAM                             0x080003d7   Thumb Code    32  lcd.o(.text)
    LCD_BGR2RGB                              0x080003f7   Thumb Code    26  lcd.o(.text)
    LCD_ReadPoint                            0x08000411   Thumb Code   188  lcd.o(.text)
    LCD_DisplayOn                            0x080004cd   Thumb Code    14  lcd.o(.text)
    LCD_DisplayOff                           0x080004db   Thumb Code    12  lcd.o(.text)
    LCD_DrawPoint                            0x080004e7   Thumb Code    58  lcd.o(.text)
    LCD_Clear                                0x08000521   Thumb Code    64  lcd.o(.text)
    LCD_Init                                 0x08000561   Thumb Code  3666  lcd.o(.text)
    LCD_Fill                                 0x080013b3   Thumb Code   102  lcd.o(.text)
    LCD_DrawLine                             0x08001419   Thumb Code   176  lcd.o(.text)
    LCD_DrawRectangle                        0x080014c9   Thumb Code    64  lcd.o(.text)
    Draw_Circle                              0x08001509   Thumb Code   176  lcd.o(.text)
    LCD_ShowChar                             0x080015b9   Thumb Code   296  lcd.o(.text)
    mypow                                    0x080016e1   Thumb Code    22  lcd.o(.text)
    LCD_ShowNum                              0x080016f7   Thumb Code   152  lcd.o(.text)
    LCD_Show2Num                             0x0800178f   Thumb Code    96  lcd.o(.text)
    LCD_ShowString                           0x080017ef   Thumb Code    74  lcd.o(.text)
    KEY_Init                                 0x08001849   Thumb Code    54  key.o(.text)
    KEY_Scan                                 0x0800187f   Thumb Code   144  key.o(.text)
    SPI_Flash_Init                           0x0800192d   Thumb Code    36  flash.o(.text)
    SPI_Flash_ReadSR                         0x08001951   Thumb Code    38  flash.o(.text)
    SPI_FLASH_Write_SR                       0x08001977   Thumb Code    34  flash.o(.text)
    SPI_FLASH_Write_Enable                   0x08001999   Thumb Code    26  flash.o(.text)
    SPI_FLASH_Write_Disable                  0x080019b3   Thumb Code    26  flash.o(.text)
    SPI_Flash_ReadID                         0x080019cd   Thumb Code    66  flash.o(.text)
    SPI_Flash_Read                           0x08001a0f   Thumb Code    76  flash.o(.text)
    SPI_Flash_Wait_Busy                      0x08001a5b   Thumb Code    18  flash.o(.text)
    SPI_Flash_Write_Page                     0x08001a6d   Thumb Code    82  flash.o(.text)
    SPI_Flash_Write_NoCheck                  0x08001abf   Thumb Code    70  flash.o(.text)
    SPI_Flash_Erase_Sector                   0x08001b05   Thumb Code    64  flash.o(.text)
    SPI_Flash_Write                          0x08001b45   Thumb Code   176  flash.o(.text)
    SPI_Flash_Erase_Chip                     0x08001bf5   Thumb Code    38  flash.o(.text)
    SPI_Flash_PowerDown                      0x08001c1b   Thumb Code    32  flash.o(.text)
    SPI_Flash_WAKEUP                         0x08001c3b   Thumb Code    32  flash.o(.text)
    SPIx_ReadWriteByte                       0x08001c6d   Thumb Code    78  spi.o(.text)
    SPIx_Init                                0x08001cbb   Thumb Code   106  spi.o(.text)
    SPIx_SetSpeed                            0x08001d25   Thumb Code    26  spi.o(.text)
    NRF24L01_Init                            0x08001d4d   Thumb Code   124  24l01.o(.text)
    NRF24L01_Read_Buf                        0x08001dc9   Thumb Code    60  24l01.o(.text)
    NRF24L01_Write_Buf                       0x08001e05   Thumb Code    60  24l01.o(.text)
    NRF24L01_Check                           0x08001e41   Thumb Code    72  24l01.o(.text)
    NRF24L01_Write_Reg                       0x08001e89   Thumb Code    40  24l01.o(.text)
    NRF24L01_Read_Reg                        0x08001eb1   Thumb Code    38  24l01.o(.text)
    NRF24L01_TxPacket                        0x08001ed7   Thumb Code    98  24l01.o(.text)
    NRF24L01_RxPacket                        0x08001f39   Thumb Code    58  24l01.o(.text)
    TX_Mode                                  0x08001f73   Thumb Code    88  24l01.o(.text)
    SD_SPI_ReadWriteByte                     0x08001fe5   Thumb Code    12  mmc_sd.o(.text)
    SD_SPI_SpeedLow                          0x08001ff1   Thumb Code    10  mmc_sd.o(.text)
    SD_SPI_SpeedHigh                         0x08001ffb   Thumb Code    10  mmc_sd.o(.text)
    SD_SPI_Init                              0x08002005   Thumb Code    56  mmc_sd.o(.text)
    SD_DisSelect                             0x0800203d   Thumb Code    18  mmc_sd.o(.text)
    SD_WaitReady                             0x0800204f   Thumb Code    34  mmc_sd.o(.text)
    SD_Select                                0x08002071   Thumb Code    26  mmc_sd.o(.text)
    SD_GetResponse                           0x0800208b   Thumb Code    38  mmc_sd.o(.text)
    SD_RecvData                              0x080020b1   Thumb Code    56  mmc_sd.o(.text)
    SD_SendBlock                             0x080020e9   Thumb Code    82  mmc_sd.o(.text)
    SD_SendCmd                               0x0800213b   Thumb Code   120  mmc_sd.o(.text)
    SD_GetCID                                0x080021b3   Thumb Code    42  mmc_sd.o(.text)
    SD_GetCSD                                0x080021dd   Thumb Code    42  mmc_sd.o(.text)
    SD_GetSectorCount                        0x08002207   Thumb Code   118  mmc_sd.o(.text)
    SD_Idle_Sta                              0x0800227d   Thumb Code    74  mmc_sd.o(.text)
    SD_Initialize                            0x080022c7   Thumb Code   400  mmc_sd.o(.text)
    SD_ReadDisk                              0x08002457   Thumb Code   112  mmc_sd.o(.text)
    SD_WriteDisk                             0x080024c7   Thumb Code   140  mmc_sd.o(.text)
    DS18B20_Rst                              0x08002559   Thumb Code    62  ds18b20.o(.text)
    DS18B20_Check                            0x08002597   Thumb Code    98  ds18b20.o(.text)
    DS18B20_Read_Bit                         0x080025f9   Thumb Code   114  ds18b20.o(.text)
    DS18B20_Read_Byte                        0x0800266b   Thumb Code    34  ds18b20.o(.text)
    DS18B20_Write_Byte                       0x0800268d   Thumb Code   114  ds18b20.o(.text)
    DS18B20_Start                            0x080026ff   Thumb Code    24  ds18b20.o(.text)
    DS18B20_Init                             0x08002717   Thumb Code    66  ds18b20.o(.text)
    DS18B20_Get_Temp                         0x08002759   Thumb Code   142  ds18b20.o(.text)
    delay_init                               0x08002805   Thumb Code    40  delay.o(.text)
    delay_ms                                 0x0800282d   Thumb Code    54  delay.o(.text)
    delay_us                                 0x08002863   Thumb Code    54  delay.o(.text)
    _sys_exit                                0x080028a1   Thumb Code     6  usart.o(.text)
    fputc                                    0x080028a7   Thumb Code    20  usart.o(.text)
    uart_init                                0x080028bb   Thumb Code   152  usart.o(.text)
    USART1_IRQHandler                        0x08002953   Thumb Code   122  usart.o(.text)
    NVIC_PriorityGroupConfig                 0x080029e1   Thumb Code    10  misc.o(.text)
    NVIC_Init                                0x080029eb   Thumb Code   118  misc.o(.text)
    NVIC_SetVectorTable                      0x08002a61   Thumb Code    12  misc.o(.text)
    NVIC_SystemLPConfig                      0x08002a6d   Thumb Code    38  misc.o(.text)
    SysTick_CLKSourceConfig                  0x08002a93   Thumb Code    40  misc.o(.text)
    GPIO_DeInit                              0x08002ad9   Thumb Code   172  stm32f10x_gpio.o(.text)
    GPIO_AFIODeInit                          0x08002b85   Thumb Code    20  stm32f10x_gpio.o(.text)
    GPIO_Init                                0x08002b99   Thumb Code   274  stm32f10x_gpio.o(.text)
    GPIO_StructInit                          0x08002cab   Thumb Code    16  stm32f10x_gpio.o(.text)
    GPIO_ReadInputDataBit                    0x08002cbb   Thumb Code    18  stm32f10x_gpio.o(.text)
    GPIO_ReadInputData                       0x08002ccd   Thumb Code     8  stm32f10x_gpio.o(.text)
    GPIO_ReadOutputDataBit                   0x08002cd5   Thumb Code    18  stm32f10x_gpio.o(.text)
    GPIO_ReadOutputData                      0x08002ce7   Thumb Code     8  stm32f10x_gpio.o(.text)
    GPIO_SetBits                             0x08002cef   Thumb Code     4  stm32f10x_gpio.o(.text)
    GPIO_ResetBits                           0x08002cf3   Thumb Code     4  stm32f10x_gpio.o(.text)
    GPIO_WriteBit                            0x08002cf7   Thumb Code    10  stm32f10x_gpio.o(.text)
    GPIO_Write                               0x08002d01   Thumb Code     4  stm32f10x_gpio.o(.text)
    GPIO_PinLockConfig                       0x08002d05   Thumb Code    18  stm32f10x_gpio.o(.text)
    GPIO_EventOutputConfig                   0x08002d17   Thumb Code    26  stm32f10x_gpio.o(.text)
    GPIO_EventOutputCmd                      0x08002d31   Thumb Code     6  stm32f10x_gpio.o(.text)
    GPIO_PinRemapConfig                      0x08002d37   Thumb Code   138  stm32f10x_gpio.o(.text)
    GPIO_EXTILineConfig                      0x08002dc1   Thumb Code    66  stm32f10x_gpio.o(.text)
    GPIO_ETH_MediaInterfaceConfig            0x08002e03   Thumb Code     6  stm32f10x_gpio.o(.text)
    RCC_DeInit                               0x08002e31   Thumb Code    64  stm32f10x_rcc.o(.text)
    RCC_HSEConfig                            0x08002e71   Thumb Code    70  stm32f10x_rcc.o(.text)
    RCC_GetFlagStatus                        0x08002eb7   Thumb Code    56  stm32f10x_rcc.o(.text)
    RCC_WaitForHSEStartUp                    0x08002eef   Thumb Code    48  stm32f10x_rcc.o(.text)
    RCC_AdjustHSICalibrationValue            0x08002f1f   Thumb Code    20  stm32f10x_rcc.o(.text)
    RCC_HSICmd                               0x08002f33   Thumb Code     6  stm32f10x_rcc.o(.text)
    RCC_PLLConfig                            0x08002f39   Thumb Code    24  stm32f10x_rcc.o(.text)
    RCC_PLLCmd                               0x08002f51   Thumb Code     6  stm32f10x_rcc.o(.text)
    RCC_SYSCLKConfig                         0x08002f57   Thumb Code    18  stm32f10x_rcc.o(.text)
    RCC_GetSYSCLKSource                      0x08002f69   Thumb Code    10  stm32f10x_rcc.o(.text)
    RCC_HCLKConfig                           0x08002f73   Thumb Code    18  stm32f10x_rcc.o(.text)
    RCC_PCLK1Config                          0x08002f85   Thumb Code    18  stm32f10x_rcc.o(.text)
    RCC_PCLK2Config                          0x08002f97   Thumb Code    20  stm32f10x_rcc.o(.text)
    RCC_ITConfig                             0x08002fab   Thumb Code    30  stm32f10x_rcc.o(.text)
    RCC_USBCLKConfig                         0x08002fc9   Thumb Code     6  stm32f10x_rcc.o(.text)
    RCC_ADCCLKConfig                         0x08002fcf   Thumb Code    18  stm32f10x_rcc.o(.text)
    RCC_LSEConfig                            0x08002fe1   Thumb Code    44  stm32f10x_rcc.o(.text)
    RCC_LSICmd                               0x0800300d   Thumb Code     6  stm32f10x_rcc.o(.text)
    RCC_RTCCLKConfig                         0x08003013   Thumb Code    12  stm32f10x_rcc.o(.text)
    RCC_RTCCLKCmd                            0x0800301f   Thumb Code     6  stm32f10x_rcc.o(.text)
    RCC_GetClocksFreq                        0x08003025   Thumb Code   192  stm32f10x_rcc.o(.text)
    RCC_AHBPeriphClockCmd                    0x080030e5   Thumb Code    26  stm32f10x_rcc.o(.text)
    RCC_APB2PeriphClockCmd                   0x080030ff   Thumb Code    26  stm32f10x_rcc.o(.text)
    RCC_APB1PeriphClockCmd                   0x08003119   Thumb Code    26  stm32f10x_rcc.o(.text)
    RCC_APB2PeriphResetCmd                   0x08003133   Thumb Code    26  stm32f10x_rcc.o(.text)
    RCC_APB1PeriphResetCmd                   0x0800314d   Thumb Code    26  stm32f10x_rcc.o(.text)
    RCC_BackupResetCmd                       0x08003167   Thumb Code     6  stm32f10x_rcc.o(.text)
    RCC_ClockSecuritySystemCmd               0x0800316d   Thumb Code     6  stm32f10x_rcc.o(.text)
    RCC_MCOConfig                            0x08003173   Thumb Code     6  stm32f10x_rcc.o(.text)
    RCC_ClearFlag                            0x08003179   Thumb Code    14  stm32f10x_rcc.o(.text)
    RCC_GetITStatus                          0x08003187   Thumb Code    20  stm32f10x_rcc.o(.text)
    RCC_ClearITPendingBit                    0x0800319b   Thumb Code     6  stm32f10x_rcc.o(.text)
    USART_DeInit                             0x080031d5   Thumb Code   134  stm32f10x_usart.o(.text)
    USART_Init                               0x0800325b   Thumb Code   210  stm32f10x_usart.o(.text)
    USART_StructInit                         0x0800332d   Thumb Code    24  stm32f10x_usart.o(.text)
    USART_ClockInit                          0x08003345   Thumb Code    34  stm32f10x_usart.o(.text)
    USART_ClockStructInit                    0x08003367   Thumb Code    12  stm32f10x_usart.o(.text)
    USART_Cmd                                0x08003373   Thumb Code    24  stm32f10x_usart.o(.text)
    USART_ITConfig                           0x0800338b   Thumb Code    74  stm32f10x_usart.o(.text)
    USART_DMACmd                             0x080033d5   Thumb Code    24  stm32f10x_usart.o(.text)
    USART_SetAddress                         0x080033ed   Thumb Code    18  stm32f10x_usart.o(.text)
    USART_WakeUpConfig                       0x080033ff   Thumb Code    18  stm32f10x_usart.o(.text)
    USART_ReceiverWakeUpCmd                  0x08003411   Thumb Code    24  stm32f10x_usart.o(.text)
    USART_LINBreakDetectLengthConfig         0x08003429   Thumb Code    18  stm32f10x_usart.o(.text)
    USART_LINCmd                             0x0800343b   Thumb Code    24  stm32f10x_usart.o(.text)
    USART_SendData                           0x08003453   Thumb Code     8  stm32f10x_usart.o(.text)
    USART_ReceiveData                        0x0800345b   Thumb Code    10  stm32f10x_usart.o(.text)
    USART_SendBreak                          0x08003465   Thumb Code    10  stm32f10x_usart.o(.text)
    USART_SetGuardTime                       0x0800346f   Thumb Code    16  stm32f10x_usart.o(.text)
    USART_SetPrescaler                       0x0800347f   Thumb Code    16  stm32f10x_usart.o(.text)
    USART_SmartCardCmd                       0x0800348f   Thumb Code    24  stm32f10x_usart.o(.text)
    USART_SmartCardNACKCmd                   0x080034a7   Thumb Code    24  stm32f10x_usart.o(.text)
    USART_HalfDuplexCmd                      0x080034bf   Thumb Code    24  stm32f10x_usart.o(.text)
    USART_OverSampling8Cmd                   0x080034d7   Thumb Code    22  stm32f10x_usart.o(.text)
    USART_OneBitMethodCmd                    0x080034ed   Thumb Code    24  stm32f10x_usart.o(.text)
    USART_IrDAConfig                         0x08003505   Thumb Code    18  stm32f10x_usart.o(.text)
    USART_IrDACmd                            0x08003517   Thumb Code    24  stm32f10x_usart.o(.text)
    USART_GetFlagStatus                      0x0800352f   Thumb Code    26  stm32f10x_usart.o(.text)
    USART_ClearFlag                          0x08003549   Thumb Code    18  stm32f10x_usart.o(.text)
    USART_GetITStatus                        0x0800355b   Thumb Code    84  stm32f10x_usart.o(.text)
    USART_ClearITPendingBit                  0x080035af   Thumb Code    50  stm32f10x_usart.o(.text)
    SPI_I2S_DeInit                           0x080035e1   Thumb Code    76  stm32f10x_spi.o(.text)
    SPI_Init                                 0x0800362d   Thumb Code    60  stm32f10x_spi.o(.text)
    I2S_Init                                 0x08003669   Thumb Code   222  stm32f10x_spi.o(.text)
    SPI_StructInit                           0x08003747   Thumb Code    24  stm32f10x_spi.o(.text)
    I2S_StructInit                           0x0800375f   Thumb Code    20  stm32f10x_spi.o(.text)
    SPI_Cmd                                  0x08003773   Thumb Code    24  stm32f10x_spi.o(.text)
    I2S_Cmd                                  0x0800378b   Thumb Code    24  stm32f10x_spi.o(.text)
    SPI_I2S_ITConfig                         0x080037a3   Thumb Code    36  stm32f10x_spi.o(.text)
    SPI_I2S_DMACmd                           0x080037c7   Thumb Code    24  stm32f10x_spi.o(.text)
    SPI_I2S_SendData                         0x080037df   Thumb Code     4  stm32f10x_spi.o(.text)
    SPI_I2S_ReceiveData                      0x080037e3   Thumb Code     6  stm32f10x_spi.o(.text)
    SPI_NSSInternalSoftwareConfig            0x080037e9   Thumb Code    30  stm32f10x_spi.o(.text)
    SPI_SSOutputCmd                          0x08003807   Thumb Code    24  stm32f10x_spi.o(.text)
    SPI_DataSizeConfig                       0x0800381f   Thumb Code    18  stm32f10x_spi.o(.text)
    SPI_TransmitCRC                          0x08003831   Thumb Code    10  stm32f10x_spi.o(.text)
    SPI_CalculateCRC                         0x0800383b   Thumb Code    24  stm32f10x_spi.o(.text)
    SPI_GetCRC                               0x08003853   Thumb Code    16  stm32f10x_spi.o(.text)
    SPI_GetCRCPolynomial                     0x08003863   Thumb Code     6  stm32f10x_spi.o(.text)
    SPI_BiDirectionalLineConfig              0x08003869   Thumb Code    28  stm32f10x_spi.o(.text)
    SPI_I2S_GetFlagStatus                    0x08003885   Thumb Code    18  stm32f10x_spi.o(.text)
    SPI_I2S_ClearFlag                        0x08003897   Thumb Code     6  stm32f10x_spi.o(.text)
    SPI_I2S_GetITStatus                      0x0800389d   Thumb Code    52  stm32f10x_spi.o(.text)
    SPI_I2S_ClearITPendingBit                0x080038d1   Thumb Code    20  stm32f10x_spi.o(.text)
    Reset_Handler                            0x080038f1   Thumb Code     8  startup_stm32f10x_md.o(.text)
    ADC1_2_IRQHandler                        0x0800390b   Thumb Code     0  startup_stm32f10x_md.o(.text)
    CAN1_RX1_IRQHandler                      0x0800390b   Thumb Code     0  startup_stm32f10x_md.o(.text)
    CAN1_SCE_IRQHandler                      0x0800390b   Thumb Code     0  startup_stm32f10x_md.o(.text)
    DMA1_Channel1_IRQHandler                 0x0800390b   Thumb Code     0  startup_stm32f10x_md.o(.text)
    DMA1_Channel2_IRQHandler                 0x0800390b   Thumb Code     0  startup_stm32f10x_md.o(.text)
    DMA1_Channel3_IRQHandler                 0x0800390b   Thumb Code     0  startup_stm32f10x_md.o(.text)
    DMA1_Channel4_IRQHandler                 0x0800390b   Thumb Code     0  startup_stm32f10x_md.o(.text)
    DMA1_Channel5_IRQHandler                 0x0800390b   Thumb Code     0  startup_stm32f10x_md.o(.text)
    DMA1_Channel6_IRQHandler                 0x0800390b   Thumb Code     0  startup_stm32f10x_md.o(.text)
    DMA1_Channel7_IRQHandler                 0x0800390b   Thumb Code     0  startup_stm32f10x_md.o(.text)
    EXTI0_IRQHandler                         0x0800390b   Thumb Code     0  startup_stm32f10x_md.o(.text)
    EXTI15_10_IRQHandler                     0x0800390b   Thumb Code     0  startup_stm32f10x_md.o(.text)
    EXTI1_IRQHandler                         0x0800390b   Thumb Code     0  startup_stm32f10x_md.o(.text)
    EXTI2_IRQHandler                         0x0800390b   Thumb Code     0  startup_stm32f10x_md.o(.text)
    EXTI3_IRQHandler                         0x0800390b   Thumb Code     0  startup_stm32f10x_md.o(.text)
    EXTI4_IRQHandler                         0x0800390b   Thumb Code     0  startup_stm32f10x_md.o(.text)
    EXTI9_5_IRQHandler                       0x0800390b   Thumb Code     0  startup_stm32f10x_md.o(.text)
    FLASH_IRQHandler                         0x0800390b   Thumb Code     0  startup_stm32f10x_md.o(.text)
    I2C1_ER_IRQHandler                       0x0800390b   Thumb Code     0  startup_stm32f10x_md.o(.text)
    I2C1_EV_IRQHandler                       0x0800390b   Thumb Code     0  startup_stm32f10x_md.o(.text)
    I2C2_ER_IRQHandler                       0x0800390b   Thumb Code     0  startup_stm32f10x_md.o(.text)
    I2C2_EV_IRQHandler                       0x0800390b   Thumb Code     0  startup_stm32f10x_md.o(.text)
    PVD_IRQHandler                           0x0800390b   Thumb Code     0  startup_stm32f10x_md.o(.text)
    RCC_IRQHandler                           0x0800390b   Thumb Code     0  startup_stm32f10x_md.o(.text)
    RTCAlarm_IRQHandler                      0x0800390b   Thumb Code     0  startup_stm32f10x_md.o(.text)
    RTC_IRQHandler                           0x0800390b   Thumb Code     0  startup_stm32f10x_md.o(.text)
    SPI1_IRQHandler                          0x0800390b   Thumb Code     0  startup_stm32f10x_md.o(.text)
    SPI2_IRQHandler                          0x0800390b   Thumb Code     0  startup_stm32f10x_md.o(.text)
    TAMPER_IRQHandler                        0x0800390b   Thumb Code     0  startup_stm32f10x_md.o(.text)
    TIM1_BRK_IRQHandler                      0x0800390b   Thumb Code     0  startup_stm32f10x_md.o(.text)
    TIM1_CC_IRQHandler                       0x0800390b   Thumb Code     0  startup_stm32f10x_md.o(.text)
    TIM1_TRG_COM_IRQHandler                  0x0800390b   Thumb Code     0  startup_stm32f10x_md.o(.text)
    TIM1_UP_IRQHandler                       0x0800390b   Thumb Code     0  startup_stm32f10x_md.o(.text)
    TIM2_IRQHandler                          0x0800390b   Thumb Code     0  startup_stm32f10x_md.o(.text)
    TIM3_IRQHandler                          0x0800390b   Thumb Code     0  startup_stm32f10x_md.o(.text)
    TIM4_IRQHandler                          0x0800390b   Thumb Code     0  startup_stm32f10x_md.o(.text)
    USART2_IRQHandler                        0x0800390b   Thumb Code     0  startup_stm32f10x_md.o(.text)
    USART3_IRQHandler                        0x0800390b   Thumb Code     0  startup_stm32f10x_md.o(.text)
    USBWakeUp_IRQHandler                     0x0800390b   Thumb Code     0  startup_stm32f10x_md.o(.text)
    USB_HP_CAN1_TX_IRQHandler                0x0800390b   Thumb Code     0  startup_stm32f10x_md.o(.text)
    USB_LP_CAN1_RX0_IRQHandler               0x0800390b   Thumb Code     0  startup_stm32f10x_md.o(.text)
    WWDG_IRQHandler                          0x0800390b   Thumb Code     0  startup_stm32f10x_md.o(.text)
    SystemInit                               0x080039dd   Thumb Code    78  system_stm32f10x.o(.text)
    SystemCoreClockUpdate                    0x08003a2b   Thumb Code   142  system_stm32f10x.o(.text)
    ff_convert                               0x08003add   Thumb Code   142  mycc936.o(.text)
    ff_wtoupper                              0x08003b6b   Thumb Code    48  mycc936.o(.text)
    disk_initialize                          0x08003ba9   Thumb Code    60  diskio.o(.text)
    disk_status                              0x08003be5   Thumb Code     6  diskio.o(.text)
    disk_read                                0x08003beb   Thumb Code   102  diskio.o(.text)
    disk_write                               0x08003c51   Thumb Code   102  diskio.o(.text)
    disk_ioctl                               0x08003cb7   Thumb Code   154  diskio.o(.text)
    get_fattime                              0x08003d51   Thumb Code     4  diskio.o(.text)
    clust2sect                               0x08003efd   Thumb Code    26  ff.o(.text)
    get_fat                                  0x08003f17   Thumb Code   228  ff.o(.text)
    put_fat                                  0x08003ffb   Thumb Code   310  ff.o(.text)
    gen_numname                              0x080045b9   Thumb Code   190  ff.o(.text)
    f_mount                                  0x08005331   Thumb Code    64  ff.o(.text)
    f_open                                   0x08005371   Thumb Code   368  ff.o(.text)
    f_read                                   0x080054e1   Thumb Code   474  ff.o(.text)
    f_write                                  0x080056bb   Thumb Code   548  ff.o(.text)
    f_sync                                   0x080058df   Thumb Code   182  ff.o(.text)
    f_close                                  0x08005995   Thumb Code    22  ff.o(.text)
    f_chdrive                                0x080059ab   Thumb Code    18  ff.o(.text)
    f_chdir                                  0x080059bd   Thumb Code   104  ff.o(.text)
    f_lseek                                  0x08005a25   Thumb Code   728  ff.o(.text)
    f_opendir                                0x08005cfd   Thumb Code   114  ff.o(.text)
    f_readdir                                0x08005d6f   Thumb Code   102  ff.o(.text)
    f_stat                                   0x08005dd5   Thumb Code    62  ff.o(.text)
    f_getfree                                0x08005e13   Thumb Code   276  ff.o(.text)
    f_truncate                               0x08005f27   Thumb Code   154  ff.o(.text)
    f_unlink                                 0x08005fc1   Thumb Code   202  ff.o(.text)
    f_mkdir                                  0x0800608b   Thumb Code   410  ff.o(.text)
    f_chmod                                  0x08006225   Thumb Code   104  ff.o(.text)
    f_utime                                  0x0800628d   Thumb Code   102  ff.o(.text)
    f_rename                                 0x080062f3   Thumb Code   302  ff.o(.text)
    f_mkfs                                   0x08006421   Thumb Code  1524  ff.o(.text)
    f_gets                                   0x08006a15   Thumb Code    78  ff.o(.text)
    f_putc                                   0x08006a63   Thumb Code    38  ff.o(.text)
    f_puts                                   0x08006a89   Thumb Code    96  ff.o(.text)
    f_printf                                 0x08006ae9   Thumb Code   678  ff.o(.text)
    fupd_prog                                0x08006d91   Thumb Code   106  fontupd.o(.text)
    updata_fontx                             0x08006dfb   Thumb Code   196  fontupd.o(.text)
    update_font                              0x08006ebf   Thumb Code    96  fontupd.o(.text)
    font_init                                0x08006f1f   Thumb Code    64  fontupd.o(.text)
    __aeabi_fmul                             0x08006fb1   Thumb Code   108  fmul.o(.text)
    __aeabi_fdiv                             0x0800701d   Thumb Code   128  fdiv.o(.text)
    __aeabi_dmul                             0x0800709d   Thumb Code   226  dmul.o(.text)
    __aeabi_i2f                              0x0800717f   Thumb Code    18  fflti.o(.text)
    __aeabi_ui2f                             0x08007191   Thumb Code    10  ffltui.o(.text)
    __aeabi_f2uiz                            0x0800719b   Thumb Code    40  ffixui.o(.text)
    __aeabi_d2iz                             0x080071c3   Thumb Code    62  dfixi.o(.text)
    __aeabi_f2d                              0x08007201   Thumb Code    44  f2d.o(.text)
    __aeabi_cfcmpeq                          0x0800722d   Thumb Code     0  cfcmple.o(.text)
    __aeabi_cfcmple                          0x0800722d   Thumb Code    20  cfcmple.o(.text)
    __aeabi_uldivmod                         0x08007241   Thumb Code   102  uldiv.o(.text)
    __aeabi_llsr                             0x080072a7   Thumb Code    32  llushr.o(.text)
    _ll_ushift_r                             0x080072a7   Thumb Code     0  llushr.o(.text)
    __I$use$fp                               0x080072c7   Thumb Code     0  iusefp.o(.text)
    _float_round                             0x080072c7   Thumb Code    18  fepilogue.o(.text)
    _float_epilogue                          0x080072d9   Thumb Code    94  fepilogue.o(.text)
    _double_round                            0x08007337   Thumb Code    26  depilogue.o(.text)
    _double_epilogue                         0x08007351   Thumb Code   168  depilogue.o(.text)
    __scatterload                            0x080073f9   Thumb Code    28  init.o(.text)
    __scatterload_rt2                        0x080073f9   Thumb Code     0  init.o(.text)
    __aeabi_llsl                             0x0800741d   Thumb Code    30  llshl.o(.text)
    _ll_shift_l                              0x0800741d   Thumb Code     0  llshl.o(.text)
    LCD_SetCursor                            0x0800743d   Thumb Code    54  lcd.o(i.LCD_SetCursor)
    __0printf$5                              0x08007479   Thumb Code    22  printf5.o(i.__0printf$5)
    __1printf$5                              0x08007479   Thumb Code     0  printf5.o(i.__0printf$5)
    __2printf                                0x08007479   Thumb Code     0  printf5.o(i.__0printf$5)
    __scatterload_copy                       0x08007499   Thumb Code    14  handlers.o(i.__scatterload_copy)
    __scatterload_null                       0x080074a7   Thumb Code     2  handlers.o(i.__scatterload_null)
    __scatterload_zeroinit                   0x080074a9   Thumb Code    14  handlers.o(i.__scatterload_zeroinit)
    asc2_1206                                0x08007780   Data        1140  lcd.o(.constdata)
    asc2_1608                                0x08007bf4   Data        1520  lcd.o(.constdata)
    TX_ADDRESS                               0x080081e4   Data           5  24l01.o(.constdata)
    RX_ADDRESS                               0x080081e9   Data           5  24l01.o(.constdata)
    Region$$Table$$Base                      0x0800861c   Number         0  anon$$obj.o(Region$$Table)
    Region$$Table$$Limit                     0x0800863c   Number         0  anon$$obj.o(Region$$Table)
    POINT_COLOR                              0x20000000   Data           2  lcd.o(.data)
    BACK_COLOR                               0x20000002   Data           2  lcd.o(.data)
    DeviceCode                               0x20000004   Data           2  lcd.o(.data)
    SD_Type                                  0x20000007   Data           1  mmc_sd.o(.data)
    USART_RX_STA                             0x2000000c   Data           1  usart.o(.data)
    __stdout                                 0x20000010   Data           4  usart.o(.data)
    SystemCoreClock                          0x20000028   Data           4  system_stm32f10x.o(.data)
    AHBPrescTable                            0x2000002c   Data          16  system_stm32f10x.o(.data)
    ftinfo                                   0x20000048   Data          16  fontupd.o(.data)
    GBK16_SDPATH                             0x20000058   Data           4  fontupd.o(.data)
    UNIGBK_SDPATH                            0x2000005c   Data           4  fontupd.o(.data)
    SPI_FLASH_BUF                            0x20000060   Data        4096  flash.o(.bss)
    SPI_InitStructure                        0x20001060   Data          18  spi.o(.bss)
    USART_RX_BUF                             0x20001072   Data          64  usart.o(.bss)
    gbkFile                                  0x200012b4   Data         552  fontupd.o(.bss)
    temp                                     0x200014dc   Data        1024  fontupd.o(.bss)
    __initial_sp                             0x20001ce0   Data           0  startup_stm32f10x_md.o(STACK)



==============================================================================

Memory Map of the image

  Image Entry point : 0x080000ed

  Load Region LR_IROM1 (Base: 0x08000000, Size: 0x0000869c, Max: 0x00020000, ABSOLUTE)

    Execution Region ER_IROM1 (Base: 0x08000000, Size: 0x0000863c, Max: 0x00020000, ABSOLUTE)

    Base Addr    Size         Type   Attr      Idx    E Section Name        Object

    0x08000000   0x000000ec   Data   RO          410    RESET               startup_stm32f10x_md.o
    0x080000ec   0x00000000   Code   RO          549  * .ARM.Collect$$$$00000000  mc_w.l(entry.o)(mc_w.l)
    0x080000ec   0x00000004   Code   RO          835    .ARM.Collect$$$$00000001  mc_w.l(entry2.o)(mc_w.l)
    0x080000f0   0x00000004   Code   RO          838    .ARM.Collect$$$$00000004  mc_w.l(entry5.o)(mc_w.l)
    0x080000f4   0x00000008   Code   RO          839    .ARM.Collect$$$$00000007  mc_w.l(entry7.o)(mc_w.l)
    0x080000fc   0x00000004   Code   RO          836    .ARM.Collect$$$$00002712  mc_w.l(entry2.o)(mc_w.l)
    0x08000100   0x000001fc   Code   RO            1    .text               main.o
    0x080002fc   0x0000001a   Code   RO          120    .text               stm32f10x_it.o
    0x08000316   0x00000002   PAD
    0x08000318   0x00001530   Code   RO          147    .text               lcd.o
    0x08001848   0x000000e4   Code   RO          182    .text               key.o
    0x0800192c   0x00000340   Code   RO          195    .text               flash.o
    0x08001c6c   0x000000e0   Code   RO          213    .text               spi.o
    0x08001d4c   0x00000298   Code   RO          228    .text               24l01.o
    0x08001fe4   0x00000574   Code   RO          243    .text               mmc_sd.o
    0x08002558   0x000002ac   Code   RO          285    .text               ds18b20.o
    0x08002804   0x0000009c   Code   RO          297    .text               delay.o
    0x080028a0   0x00000140   Code   RO          323    .text               usart.o
    0x080029e0   0x000000f8   Code   RO          346    .text               misc.o
    0x08002ad8   0x00000358   Code   RO          358    .text               stm32f10x_gpio.o
    0x08002e30   0x000003a4   Code   RO          370    .text               stm32f10x_rcc.o
    0x080031d4   0x0000040c   Code   RO          384    .text               stm32f10x_usart.o
    0x080035e0   0x00000310   Code   RO          396    .text               stm32f10x_spi.o
    0x080038f0   0x00000024   Code   RO          411    .text               startup_stm32f10x_md.o
    0x08003914   0x000001c8   Code   RO          426    .text               system_stm32f10x.o
    0x08003adc   0x000000cc   Code   RO          473    .text               mycc936.o
    0x08003ba8   0x000001b0   Code   RO          486    .text               diskio.o
    0x08003d58   0x00003036   Code   RO          498    .text               ff.o
    0x08006d8e   0x00000002   PAD
    0x08006d90   0x00000220   Code   RO          517    .text               fontupd.o
    0x08006fb0   0x0000006c   Code   RO          817    .text               mf_w.l(fmul.o)(mf_w.l)
    0x0800701c   0x00000080   Code   RO          819    .text               mf_w.l(fdiv.o)(mf_w.l)
    0x0800709c   0x000000e2   Code   RO          821    .text               mf_w.l(dmul.o)(mf_w.l)
    0x0800717e   0x00000012   Code   RO          823    .text               mf_w.l(fflti.o)(mf_w.l)
    0x08007190   0x0000000a   Code   RO          825    .text               mf_w.l(ffltui.o)(mf_w.l)
    0x0800719a   0x00000028   Code   RO          827    .text               mf_w.l(ffixui.o)(mf_w.l)
    0x080071c2   0x0000003e   Code   RO          829    .text               mf_w.l(dfixi.o)(mf_w.l)
    0x08007200   0x0000002c   Code   RO          831    .text               mf_w.l(f2d.o)(mf_w.l)
    0x0800722c   0x00000014   Code   RO          833    .text               mf_w.l(cfcmple.o)(mf_w.l)
    0x08007240   0x00000066   Code   RO          842    .text               mc_w.l(uldiv.o)(mc_w.l)
    0x080072a6   0x00000020   Code   RO          844    .text               mc_w.l(llushr.o)(mc_w.l)
    0x080072c6   0x00000000   Code   RO          846    .text               mc_w.l(iusefp.o)(mc_w.l)
    0x080072c6   0x00000070   Code   RO          847    .text               mf_w.l(fepilogue.o)(mf_w.l)
    0x08007336   0x000000c2   Code   RO          849    .text               mf_w.l(depilogue.o)(mf_w.l)
    0x080073f8   0x00000024   Code   RO          859    .text               mc_w.l(init.o)(mc_w.l)
    0x0800741c   0x0000001e   Code   RO          861    .text               mc_w.l(llshl.o)(mc_w.l)
    0x0800743a   0x00000002   PAD
    0x0800743c   0x0000003c   Code   RO          160    i.LCD_SetCursor     lcd.o
    0x08007478   0x00000020   Code   RO          689    i.__0printf$5       mc_w.l(printf5.o)(mc_w.l)
    0x08007498   0x0000000e   Code   RO          867    i.__scatterload_copy  mc_w.l(handlers.o)(mc_w.l)
    0x080074a6   0x00000002   Code   RO          868    i.__scatterload_null  mc_w.l(handlers.o)(mc_w.l)
    0x080074a8   0x0000000e   Code   RO          869    i.__scatterload_zeroinit  mc_w.l(handlers.o)(mc_w.l)
    0x080074b6   0x00000002   PAD
    0x080074b8   0x000002c4   Code   RO          696    i._printf_core      mc_w.l(printf5.o)(mc_w.l)
    0x0800777c   0x00000004   Data   RO            2    .constdata          main.o
    0x08007780   0x00000a64   Data   RO          148    .constdata          lcd.o
    0x080081e4   0x0000000a   Data   RO          229    .constdata          24l01.o
    0x080081ee   0x000003c0   Data   RO          474    .constdata          mycc936.o
    0x080085ae   0x0000003a   Data   RO          500    .constdata          ff.o
    0x080085e8   0x00000034   Data   RO          519    .conststring        fontupd.o
    0x0800861c   0x00000020   Data   RO          865    Region$$Table       anon$$obj.o


    Execution Region RW_IRAM1 (Base: 0x20000000, Size: 0x00001ce0, Max: 0x00005000, ABSOLUTE)

    Base Addr    Size         Type   Attr      Idx    E Section Name        Object

    0x20000000   0x00000006   Data   RW          149    .data               lcd.o
    0x20000006   0x00000001   Data   RW          183    .data               key.o
    0x20000007   0x00000001   Data   RW          244    .data               mmc_sd.o
    0x20000008   0x00000004   Data   RW          298    .data               delay.o
    0x2000000c   0x00000008   Data   RW          325    .data               usart.o
    0x20000014   0x00000014   Data   RW          371    .data               stm32f10x_rcc.o
    0x20000028   0x00000014   Data   RW          427    .data               system_stm32f10x.o
    0x2000003c   0x0000000b   Data   RW          501    .data               ff.o
    0x20000047   0x00000001   PAD
    0x20000048   0x00000018   Data   RW          520    .data               fontupd.o
    0x20000060   0x00001000   Zero   RW          196    .bss                flash.o
    0x20001060   0x00000012   Zero   RW          214    .bss                spi.o
    0x20001072   0x00000040   Zero   RW          324    .bss                usart.o
    0x200010b2   0x00000200   Zero   RW          499    .bss                ff.o
    0x200012b2   0x00000002   PAD
    0x200012b4   0x00000628   Zero   RW          518    .bss                fontupd.o
    0x200018dc   0x00000004   PAD
    0x200018e0   0x00000400   Zero   RW          408    STACK               startup_stm32f10x_md.o


==============================================================================

Image component sizes


      Code (inc. data)   RO Data    RW Data    ZI Data      Debug   Object Name

       664         26         10          0          0          0   24l01.o
       156          8          0          4          0          0   delay.o
       432          4          0          0          0          0   diskio.o
       684         30          0          0          0          0   ds18b20.o
         0          0          0          0          0          0   exfuns.o
     12342        144         58         11        512          0   ff.o
       832         18          0          0       4096          0   flash.o
       544         82         52         24       1576          0   fontupd.o
       228         30          0          1          0          0   key.o
      5484        100       2660          6          0          0   lcd.o
       508        148          4          0          0          0   main.o
       248         30          0          0          0          0   misc.o
      1396         18          0          1          0          0   mmc_sd.o
       204         14        960          0          0          0   mycc936.o
       224         14          0          0         18          0   spi.o
        36          8        236          0       1024          0   startup_stm32f10x_md.o
       856         40          0          0          0          0   stm32f10x_gpio.o
        26          0          0          0          0          0   stm32f10x_it.o
       932         52          0         20          0          0   stm32f10x_rcc.o
       784         12          0          0          0          0   stm32f10x_spi.o
      1036         20          0          0          0          0   stm32f10x_usart.o
       456         36          0         20          0          0   system_stm32f10x.o
       320         20          0          8         64          0   usart.o

    ----------------------------------------------------------------------
     28396        854       4012         96       7296          0   Object Totals
         0          0         32          0          0          0   (incl. Generated)
         4          0          0          1          6          2   (incl. Padding)

    ----------------------------------------------------------------------

      Code (inc. data)   RO Data    RW Data    ZI Data      Debug   Library Member Name

         0          0          0          0          0          0   entry.o
         8          4          0          0          0          0   entry2.o
         4          0          0          0          0          0   entry5.o
         8          4          0          0          0          0   entry7.o
        30          0          0          0          0          0   handlers.o
        36          8          0          0          0          0   init.o
         0          0          0          0          0          0   iusefp.o
        30          0          0          0          0          0   llshl.o
        32          0          0          0          0          0   llushr.o
       740         54          0          0          0          0   printf5.o
       102          0          0          0          0          0   uldiv.o
        20          0          0          0          0          0   cfcmple.o
       194          0          0          0          0          0   depilogue.o
        62          0          0          0          0          0   dfixi.o
       226          0          0          0          0          0   dmul.o
        44          0          0          0          0          0   f2d.o
       128          0          0          0          0          0   fdiv.o
       112          0          0          0          0          0   fepilogue.o
        40          0          0          0          0          0   ffixui.o
        18          0          0          0          0          0   fflti.o
        10          0          0          0          0          0   ffltui.o
       108          0          0          0          0          0   fmul.o

    ----------------------------------------------------------------------
      1956         70          0          0          0          0   Library Totals
         4          0          0          0          0          0   (incl. Padding)

    ----------------------------------------------------------------------

      Code (inc. data)   RO Data    RW Data    ZI Data      Debug   Library Name

       990         70          0          0          0        480   mc_w.l
       962          0          0          0          0       1032   mf_w.l

    ----------------------------------------------------------------------
      1956         70          0          0          0          0   Library Totals

    ----------------------------------------------------------------------

==============================================================================


      Code (inc. data)   RO Data    RW Data    ZI Data      Debug   

     30352        924       4012         96       7296     348656   Grand Totals
     30352        924       4012         96       7296     348656   ELF Image Totals
     30352        924       4012         96          0          0   ROM Totals

==============================================================================

    Total RO  Size (Code + RO Data)                34364 (  33.56kB)
    Total RW  Size (RW Data + ZI Data)              7392 (   7.22kB)
    Total ROM Size (Code + RO Data + RW Data)      34460 (  33.65kB)

==============================================================================

